Component: Arm Compiler for Embedded 6.19 Tool: armlink [5e73cb00]

==============================================================================

Section Cross References

    startup_stm32f429xx.o(RESET) refers to startup_stm32f429xx.o(STACK) for __initial_sp
    startup_stm32f429xx.o(RESET) refers to startup_stm32f429xx.o(.text) for Reset_Handler
    startup_stm32f429xx.o(RESET) refers to stm32f4xx_it.o(.text.NMI_Handler) for NMI_Handler
    startup_stm32f429xx.o(RESET) refers to stm32f4xx_it.o(.text.HardFault_Handler) for HardFault_Handler
    startup_stm32f429xx.o(RESET) refers to stm32f4xx_it.o(.text.MemManage_Handler) for MemManage_Handler
    startup_stm32f429xx.o(RESET) refers to stm32f4xx_it.o(.text.BusFault_Handler) for BusFault_Handler
    startup_stm32f429xx.o(RESET) refers to stm32f4xx_it.o(.text.UsageFault_Handler) for UsageFault_Handler
    startup_stm32f429xx.o(RESET) refers to port.o(.text.SVC_Handler) for SVC_Handler
    startup_stm32f429xx.o(RESET) refers to stm32f4xx_it.o(.text.DebugMon_Handler) for DebugMon_Handler
    startup_stm32f429xx.o(RESET) refers to port.o(.text.PendSV_Handler) for PendSV_Handler
    startup_stm32f429xx.o(RESET) refers to stm32f4xx_it.o(.text.SysTick_Handler) for SysTick_Handler
    startup_stm32f429xx.o(RESET) refers to stm32f4xx_it.o(.text.EXTI3_IRQHandler) for EXTI3_IRQHandler
    startup_stm32f429xx.o(RESET) refers to stm32f4xx_it.o(.text.EXTI4_IRQHandler) for EXTI4_IRQHandler
    startup_stm32f429xx.o(RESET) refers to stm32f4xx_it.o(.text.SPI1_IRQHandler) for SPI1_IRQHandler
    startup_stm32f429xx.o(RESET) refers to stm32f4xx_it.o(.text.DMA2_Stream3_IRQHandler) for DMA2_Stream3_IRQHandler
    startup_stm32f429xx.o(.text) refers to system_stm32f4xx.o(.text.SystemInit) for SystemInit
    startup_stm32f429xx.o(.text) refers to entry.o(.ARM.Collect$$$$00000000) for __main
    main.o(.text.taskST7789) refers to lcd.o(.text.LCD_Fill) for LCD_Fill
    main.o(.text.taskST7789) refers to lcd.o(.text.LCD_ShowString) for LCD_ShowString
    main.o(.text.taskST7789) refers to tasks.o(.text.vTaskDelay) for vTaskDelay
    main.o(.text.taskST7789) refers to main.o(.rodata.gImage_airisu01) for gImage_airisu01
    main.o(.text.taskST7789) refers to main.o(.rodata.gImage_airisu02) for gImage_airisu02
    main.o(.text.taskST7789) refers to main.o(.rodata.gImage_airisu03) for gImage_airisu03
    main.o(.text.taskST7789) refers to main.o(.rodata.gImage_airisu04) for gImage_airisu04
    main.o(.text.taskST7789) refers to main.o(.rodata.gImage_airisu05) for gImage_airisu05
    main.o(.text.taskST7789) refers to main.o(.rodata.gImage_airisu06) for gImage_airisu06
    main.o(.text.taskST7789) refers to lcd.o(.text.LCD_ShowPicture_DMA) for LCD_ShowPicture_DMA
    main.o(.ARM.exidx.text.taskST7789) refers to main.o(.text.taskST7789) for [Anonymous Symbol]
    main.o(.text.main) refers to stm32f4xx_hal.o(.text.HAL_Init) for HAL_Init
    main.o(.text.main) refers to main.o(.text.SystemClock_Config) for SystemClock_Config
    main.o(.text.main) refers to gpio.o(.text.MX_GPIO_Init) for MX_GPIO_Init
    main.o(.text.main) refers to dma.o(.text.MX_DMA_Init) for MX_DMA_Init
    main.o(.text.main) refers to spi.o(.text.MX_SPI1_Init) for MX_SPI1_Init
    main.o(.text.main) refers to lcd_init.o(.text.LCD_Init) for LCD_Init
    main.o(.text.main) refers to stm32f4xx_hal_gpio.o(.text.HAL_GPIO_WritePin) for HAL_GPIO_WritePin
    main.o(.text.main) refers to lcd_init.o(.text.LCD_Address_Set) for LCD_Address_Set
    main.o(.text.main) refers to main.o(.bss.handleST7789) for handleST7789
    main.o(.text.main) refers to main.o(.text.taskST7789) for taskST7789
    main.o(.text.main) refers to tasks.o(.text.xTaskCreate) for xTaskCreate
    main.o(.text.main) refers to tasks.o(.text.vTaskStartScheduler) for vTaskStartScheduler
    main.o(.text.main) refers to cmsis_os2.o(.text.osKernelInitialize) for osKernelInitialize
    main.o(.text.main) refers to freertos.o(.text.MX_FREERTOS_Init) for MX_FREERTOS_Init
    main.o(.text.main) refers to cmsis_os2.o(.text.osKernelStart) for osKernelStart
    main.o(.ARM.exidx.text.main) refers to main.o(.text.main) for [Anonymous Symbol]
    main.o(.text.SystemClock_Config) refers to stm32f4xx_hal_rcc.o(.text.HAL_RCC_OscConfig) for HAL_RCC_OscConfig
    main.o(.text.SystemClock_Config) refers to stm32f4xx_hal_pwr_ex.o(.text.HAL_PWREx_EnableOverDrive) for HAL_PWREx_EnableOverDrive
    main.o(.text.SystemClock_Config) refers to stm32f4xx_hal_rcc.o(.text.HAL_RCC_ClockConfig) for HAL_RCC_ClockConfig
    main.o(.ARM.exidx.text.SystemClock_Config) refers to main.o(.text.SystemClock_Config) for [Anonymous Symbol]
    main.o(.ARM.exidx.text.Error_Handler) refers to main.o(.text.Error_Handler) for [Anonymous Symbol]
    gpio.o(.text.MX_GPIO_Init) refers to stm32f4xx_hal_gpio.o(.text.HAL_GPIO_WritePin) for HAL_GPIO_WritePin
    gpio.o(.text.MX_GPIO_Init) refers to stm32f4xx_hal_gpio.o(.text.HAL_GPIO_Init) for HAL_GPIO_Init
[...]
    Removing cmsis_os2.o(.text.osTimerDelete), (84 bytes).
    Removing cmsis_os2.o(.ARM.exidx.text.osTimerDelete), (8 bytes).
    Removing cmsis_os2.o(.text.osEventFlagsNew), (44 bytes).
    Removing cmsis_os2.o(.ARM.exidx.text.osEventFlagsNew), (8 bytes).
    Removing cmsis_os2.o(.text.osEventFlagsSet), (108 bytes).
    Removing cmsis_os2.o(.ARM.exidx.text.osEventFlagsSet), (8 bytes).
    Removing cmsis_os2.o(.text.osEventFlagsClear), (68 bytes).
    Removing cmsis_os2.o(.ARM.exidx.text.osEventFlagsClear), (8 bytes).
    Removing cmsis_os2.o(.text.osEventFlagsGet), (26 bytes).
    Removing cmsis_os2.o(.ARM.exidx.text.osEventFlagsGet), (8 bytes).
    Removing cmsis_os2.o(.text.osEventFlagsWait), (96 bytes).
    Removing cmsis_os2.o(.ARM.exidx.text.osEventFlagsWait), (8 bytes).
    Removing cmsis_os2.o(.text.osEventFlagsDelete), (34 bytes).
    Removing cmsis_os2.o(.ARM.exidx.text.osEventFlagsDelete), (8 bytes).
    Removing cmsis_os2.o(.text.osMutexNew), (120 bytes).
    Removing cmsis_os2.o(.ARM.exidx.text.osMutexNew), (8 bytes).
    Removing cmsis_os2.o(.text.osMutexAcquire), (84 bytes).
    Removing cmsis_os2.o(.ARM.exidx.text.osMutexAcquire), (8 bytes).
    Removing cmsis_os2.o(.text.osMutexRelease), (74 bytes).
    Removing cmsis_os2.o(.ARM.exidx.text.osMutexRelease), (8 bytes).
    Removing cmsis_os2.o(.text.osMutexGetOwner), (20 bytes).
    Removing cmsis_os2.o(.ARM.exidx.text.osMutexGetOwner), (8 bytes).
    Removing cmsis_os2.o(.text.osMutexDelete), (46 bytes).
    Removing cmsis_os2.o(.ARM.exidx.text.osMutexDelete), (8 bytes).
    Removing cmsis_os2.o(.text.osSemaphoreNew), (184 bytes).
    Removing cmsis_os2.o(.ARM.exidx.text.osSemaphoreNew), (8 bytes).
    Removing cmsis_os2.o(.text.osSemaphoreAcquire), (108 bytes).
    Removing cmsis_os2.o(.ARM.exidx.text.osSemaphoreAcquire), (8 bytes).
    Removing cmsis_os2.o(.text.osSemaphoreRelease), (100 bytes).
    Removing cmsis_os2.o(.ARM.exidx.text.osSemaphoreRelease), (8 bytes).
    Removing cmsis_os2.o(.text.osSemaphoreGetCount), (24 bytes).
    Removing cmsis_os2.o(.ARM.exidx.text.osSemaphoreGetCount), (8 bytes).
    Removing cmsis_os2.o(.text.osSemaphoreDelete), (42 bytes).
    Removing cmsis_os2.o(.ARM.exidx.text.osSemaphoreDelete), (8 bytes).
    Removing cmsis_os2.o(.text.osMessageQueueNew), (148 bytes).
    Removing cmsis_os2.o(.ARM.exidx.text.osMessageQueueNew), (8 bytes).
    Removing cmsis_os2.o(.text.osMessageQueuePut), (168 bytes).
    Removing cmsis_os2.o(.ARM.exidx.text.osMessageQueuePut), (8 bytes).
    Removing cmsis_os2.o(.text.osMessageQueueGet), (136 bytes).
    Removing cmsis_os2.o(.ARM.exidx.text.osMessageQueueGet), (8 bytes).
    Removing cmsis_os2.o(.text.osMessageQueueGetCapacity), (10 bytes).
    Removing cmsis_os2.o(.ARM.exidx.text.osMessageQueueGetCapacity), (8 bytes).
    Removing cmsis_os2.o(.text.osMessageQueueGetMsgSize), (10 bytes).
    Removing cmsis_os2.o(.ARM.exidx.text.osMessageQueueGetMsgSize), (8 bytes).
    Removing cmsis_os2.o(.text.osMessageQueueGetCount), (24 bytes).
    Removing cmsis_os2.o(.ARM.exidx.text.osMessageQueueGetCount), (8 bytes).
    Removing cmsis_os2.o(.text.osMessageQueueGetSpace), (52 bytes).
    Removing cmsis_os2.o(.ARM.exidx.text.osMessageQueueGetSpace), (8 bytes).
    Removing cmsis_os2.o(.text.osMessageQueueReset), (38 bytes).
    Removing cmsis_os2.o(.ARM.exidx.text.osMessageQueueReset), (8 bytes).
    Removing cmsis_os2.o(.text.osMessageQueueDelete), (42 bytes).
    Removing cmsis_os2.o(.ARM.exidx.text.osMessageQueueDelete), (8 bytes).
    Removing cmsis_os2.o(.text.osMemoryPoolNew), (276 bytes).
    Removing cmsis_os2.o(.ARM.exidx.text.osMemoryPoolNew), (8 bytes).
    Removing cmsis_os2.o(.text.osMemoryPoolGetName), (24 bytes).
    Removing cmsis_os2.o(.ARM.exidx.text.osMemoryPoolGetName), (8 bytes).
    Removing cmsis_os2.o(.text.osMemoryPoolAlloc), (194 bytes).
    Removing cmsis_os2.o(.ARM.exidx.text.osMemoryPoolAlloc), (8 bytes).
    Removing cmsis_os2.o(.text.osMemoryPoolFree), (218 bytes).
    Removing cmsis_os2.o(.ARM.exidx.text.osMemoryPoolFree), (8 bytes).
    Removing cmsis_os2.o(.text.osMemoryPoolGetCapacity), (24 bytes).
    Removing cmsis_os2.o(.ARM.exidx.text.osMemoryPoolGetCapacity), (8 bytes).
    Removing cmsis_os2.o(.text.osMemoryPoolGetBlockSize), (24 bytes).
    Removing cmsis_os2.o(.ARM.exidx.text.osMemoryPoolGetBlockSize), (8 bytes).
    Removing cmsis_os2.o(.text.osMemoryPoolGetCount), (54 bytes).
    Removing cmsis_os2.o(.ARM.exidx.text.osMemoryPoolGetCount), (8 bytes).
    Removing cmsis_os2.o(.text.osMemoryPoolGetSpace), (40 bytes).
    Removing cmsis_os2.o(.ARM.exidx.text.osMemoryPoolGetSpace), (8 bytes).
    Removing cmsis_os2.o(.text.osMemoryPoolDelete), (110 bytes).
    Removing cmsis_os2.o(.ARM.exidx.text.osMemoryPoolDelete), (8 bytes).
    Removing cmsis_os2.o(.ARM.exidx.text.vApplicationGetIdleTaskMemory), (8 bytes).
    Removing cmsis_os2.o(.ARM.exidx.text.vApplicationGetTimerTaskMemory), (8 bytes).
    Removing heap_4.o(.text), (0 bytes).
    Removing heap_4.o(.ARM.exidx.text.pvPortMalloc), (8 bytes).
    Removing heap_4.o(.ARM.exidx.text.vPortFree), (8 bytes).
    Removing heap_4.o(.text.xPortGetFreeHeapSize), (12 bytes).
    Removing heap_4.o(.ARM.exidx.text.xPortGetFreeHeapSize), (8 bytes).
    Removing heap_4.o(.text.xPortGetMinimumEverFreeHeapSize), (12 bytes).
    Removing heap_4.o(.ARM.exidx.text.xPortGetMinimumEverFreeHeapSize), (8 bytes).
    Removing heap_4.o(.text.vPortInitialiseBlocks), (2 bytes).
    Removing heap_4.o(.ARM.exidx.text.vPortInitialiseBlocks), (8 bytes).
    Removing heap_4.o(.text.vPortGetHeapStats), (186 bytes).
    Removing heap_4.o(.ARM.exidx.text.vPortGetHeapStats), (8 bytes).
    Removing port.o(.text), (0 bytes).
    Removing port.o(.ARM.exidx.text.pxPortInitialiseStack), (8 bytes).
    Removing port.o(.ARM.exidx.text.prvTaskExitError), (8 bytes).
    Removing port.o(.ARM.exidx.text.SVC_Handler), (8 bytes).
    Removing port.o(.ARM.exidx.text.xPortStartScheduler), (8 bytes).
    Removing port.o(.ARM.exidx.text.vPortSetupTimerInterrupt), (8 bytes).
    Removing port.o(.ARM.exidx.text.vPortEnableVFP), (8 bytes).
    Removing port.o(.ARM.exidx.text.prvPortStartFirstTask), (8 bytes).
    Removing port.o(.text.vPortEndScheduler), (38 bytes).
    Removing port.o(.ARM.exidx.text.vPortEndScheduler), (8 bytes).
    Removing port.o(.ARM.exidx.text.vPortEnterCritical), (8 bytes).
    Removing port.o(.ARM.exidx.text.vPortExitCritical), (8 bytes).
    Removing port.o(.ARM.exidx.text.PendSV_Handler), (8 bytes).
    Removing port.o(.ARM.exidx.text.xPortSysTickHandler), (8 bytes).
    Removing port.o(.text.vPortValidateInterruptPriority), (94 bytes).
    Removing port.o(.ARM.exidx.text.vPortValidateInterruptPriority), (8 bytes).
    Removing lcd.o(.text), (0 bytes).
    Removing lcd.o(.ARM.exidx.text.LCD_Fill), (8 bytes).
    Removing lcd.o(.text.LCD_DrawPoint), (22 bytes).
    Removing lcd.o(.ARM.exidx.text.LCD_DrawPoint), (8 bytes).
    Removing lcd.o(.ARM.exidx.text.LCD_ShowChar), (8 bytes).
    Removing lcd.o(.ARM.exidx.text.LCD_ShowString), (8 bytes).
    Removing lcd.o(.text.LCD_ShowPicture), (56 bytes).
    Removing lcd.o(.ARM.exidx.text.LCD_ShowPicture), (8 bytes).
    Removing lcd.o(.ARM.exidx.text.LCD_ShowPicture_DMA), (8 bytes).
    Removing lcd.o(.ARM.exidx.text.HAL_SPI_TxCpltCallback), (8 bytes).
    Removing lcd_init.o(.text), (0 bytes).
    Removing lcd_init.o(.text.LCD_Writ_Bus), (34 bytes).
    Removing lcd_init.o(.ARM.exidx.text.LCD_Writ_Bus), (8 bytes).
    Removing lcd_init.o(.text.LCD_WR_DATA8), (62 bytes).
    Removing lcd_init.o(.ARM.exidx.text.LCD_WR_DATA8), (8 bytes).
    Removing lcd_init.o(.ARM.exidx.text.LCD_WR_DATA), (8 bytes).
    Removing lcd_init.o(.text.LCD_WR_REG), (86 bytes).
    Removing lcd_init.o(.ARM.exidx.text.LCD_WR_REG), (8 bytes).
    Removing lcd_init.o(.ARM.exidx.text.LCD_Address_Set), (8 bytes).
    Removing lcd_init.o(.ARM.exidx.text.LCD_Init), (8 bytes).

888 unused section(s) (total 270798 bytes) removed from the image.

==============================================================================

Image Symbol Table

    Local Symbols

    Symbol Name                              Value     Ov Type        Size  Object(Section)

    ../clib/microlib/division.c              0x00000000   Number         0  uldiv.o ABSOLUTE
    ../clib/microlib/init/entry.s            0x00000000   Number         0  entry.o ABSOLUTE
    ../clib/microlib/init/entry.s            0x00000000   Number         0  entry2.o ABSOLUTE
    ../clib/microlib/init/entry.s            0x00000000   Number         0  entry5.o ABSOLUTE
    ../clib/microlib/init/entry.s            0x00000000   Number         0  entry7a.o ABSOLUTE
    ../clib/microlib/init/entry.s            0x00000000   Number         0  entry7b.o ABSOLUTE
    ../clib/microlib/init/entry.s            0x00000000   Number         0  entry8a.o ABSOLUTE
    ../clib/microlib/init/entry.s            0x00000000   Number         0  entry8b.o ABSOLUTE
    ../clib/microlib/init/entry.s            0x00000000   Number         0  entry9a.o ABSOLUTE
    ../clib/microlib/init/entry.s            0x00000000   Number         0  entry9b.o ABSOLUTE
    ../clib/microlib/init/entry.s            0x00000000   Number         0  entry10a.o ABSOLUTE
    ../clib/microlib/init/entry.s            0x00000000   Number         0  entry10b.o ABSOLUTE
    ../clib/microlib/init/entry.s            0x00000000   Number         0  entry11a.o ABSOLUTE
    ../clib/microlib/init/entry.s            0x00000000   Number         0  entry11b.o ABSOLUTE
    ../clib/microlib/longlong.c              0x00000000   Number         0  llshl.o ABSOLUTE
    ../clib/microlib/longlong.c              0x00000000   Number         0  llushr.o ABSOLUTE
    ../clib/microlib/string/memcpy.c         0x00000000   Number         0  memcpya.o ABSOLUTE
    ../clib/microlib/string/memcpy.c         0x00000000   Number         0  memcpyb.o ABSOLUTE
    ../clib/microlib/string/memset.c         0x00000000   Number         0  memseta.o ABSOLUTE
    cmsis_os2.c                              0x00000000   Number         0  cmsis_os2.o ABSOLUTE
    croutine.c                               0x00000000   Number         0  croutine.o ABSOLUTE
    dc.s                                     0x00000000   Number         0  dc.o ABSOLUTE
    dma.c                                    0x00000000   Number         0  dma.o ABSOLUTE
    event_groups.c                           0x00000000   Number         0  event_groups.o ABSOLUTE
    freertos.c                               0x00000000   Number         0  freertos.o ABSOLUTE
    gpio.c                                   0x00000000   Number         0  gpio.o ABSOLUTE
    handlers.s                               0x00000000   Number         0  handlers.o ABSOLUTE
    heap_4.c                                 0x00000000   Number         0  heap_4.o ABSOLUTE
    init.s                                   0x00000000   Number         0  init.o ABSOLUTE
    lcd.c                                    0x00000000   Number         0  lcd.o ABSOLUTE
    lcd_init.c                               0x00000000   Number         0  lcd_init.o ABSOLUTE
    list.c                                   0x00000000   Number         0  list.o ABSOLUTE
    main.c                                   0x00000000   Number         0  main.o ABSOLUTE
    port.c                                   0x00000000   Number         0  port.o ABSOLUTE
    queue.c                                  0x00000000   Number         0  queue.o ABSOLUTE
    spi.c                                    0x00000000   Number         0  spi.o ABSOLUTE
    startup_stm32f429xx.s                    0x00000000   Number         0  startup_stm32f429xx.o ABSOLUTE
    stm32f4xx_hal.c                          0x00000000   Number         0  stm32f4xx_hal.o ABSOLUTE
    stm32f4xx_hal_cortex.c                   0x00000000   Number         0  stm32f4xx_hal_cortex.o ABSOLUTE
    stm32f4xx_hal_dma.c                      0x00000000   Number         0  stm32f4xx_hal_dma.o ABSOLUTE
    stm32f4xx_hal_dma_ex.c                   0x00000000   Number         0  stm32f4xx_hal_dma_ex.o ABSOLUTE
    stm32f4xx_hal_exti.c                     0x00000000   Number         0  stm32f4xx_hal_exti.o ABSOLUTE
    stm32f4xx_hal_flash.c                    0x00000000   Number         0  stm32f4xx_hal_flash.o ABSOLUTE
    stm32f4xx_hal_flash_ex.c                 0x00000000   Number         0  stm32f4xx_hal_flash_ex.o ABSOLUTE
    stm32f4xx_hal_flash_ramfunc.c            0x00000000   Number         0  stm32f4xx_hal_flash_ramfunc.o ABSOLUTE
    stm32f4xx_hal_gpio.c                     0x00000000   Number         0  stm32f4xx_hal_gpio.o ABSOLUTE
    stm32f4xx_hal_msp.c                      0x00000000   Number         0  stm32f4xx_hal_msp.o ABSOLUTE
    stm32f4xx_hal_pwr.c                      0x00000000   Number         0  stm32f4xx_hal_pwr.o ABSOLUTE
    stm32f4xx_hal_pwr_ex.c                   0x00000000   Number         0  stm32f4xx_hal_pwr_ex.o ABSOLUTE
    stm32f4xx_hal_rcc.c                      0x00000000   Number         0  stm32f4xx_hal_rcc.o ABSOLUTE
    stm32f4xx_hal_rcc_ex.c                   0x00000000   Number         0  stm32f4xx_hal_rcc_ex.o ABSOLUTE
    stm32f4xx_hal_spi.c                      0x00000000   Number         0  stm32f4xx_hal_spi.o ABSOLUTE
    stm32f4xx_hal_tim.c                      0x00000000   Number         0  stm32f4xx_hal_tim.o ABSOLUTE
    stm32f4xx_hal_tim_ex.c                   0x00000000   Number         0  stm32f4xx_hal_tim_ex.o ABSOLUTE
    stm32f4xx_it.c                           0x00000000   Number         0  stm32f4xx_it.o ABSOLUTE
    stream_buffer.c                          0x00000000   Number         0  stream_buffer.o ABSOLUTE
    system_stm32f4xx.c                       0x00000000   Number         0  system_stm32f4xx.o ABSOLUTE
    tasks.c                                  0x00000000   Number         0  tasks.o ABSOLUTE
    timers.c                                 0x00000000   Number         0  timers.o ABSOLUTE
    RESET                                    0x08000000   Section      428  startup_stm32f429xx.o(RESET)
    .ARM.Collect$$$$00000000                 0x080001ac   Section        0  entry.o(.ARM.Collect$$$$00000000)
    .ARM.Collect$$$$00000001                 0x080001ac   Section        4  entry2.o(.ARM.Collect$$$$00000001)
    .ARM.Collect$$$$00000004                 0x080001b0   Section        4  entry5.o(.ARM.Collect$$$$00000004)
    .ARM.Collect$$$$00000008                 0x080001b4   Section        0  entry7b.o(.ARM.Collect$$$$00000008)
    .ARM.Collect$$$$0000000A                 0x080001b4   Section        0  entry8b.o(.ARM.Collect$$$$0000000A)
    .ARM.Collect$$$$0000000B                 0x080001b4   Section        8  entry9a.o(.ARM.Collect$$$$0000000B)
    __lit__00000000                          0x080001bc   Data           4  entry2.o(.ARM.Collect$$$$00002712)
    .ARM.Collect$$$$0000000D                 0x080001bc   Section        0  entry10a.o(.ARM.Collect$$$$0000000D)
    .ARM.Collect$$$$0000000F                 0x080001bc   Section        0  entry11a.o(.ARM.Collect$$$$0000000F)
    .ARM.Collect$$$$00002712                 0x080001bc   Section        4  entry2.o(.ARM.Collect$$$$00002712)
    $v0                                      0x080001c0   Number         0  startup_stm32f429xx.o(.text)
    .text                                    0x080001c0   Section       36  startup_stm32f429xx.o(.text)
    .text                                    0x080001e4   Section        0  uldiv.o(.text)
    .text                                    0x08000246   Section        0  memcpya.o(.text)
    .text                                    0x0800026a   Section        0  memseta.o(.text)
    .text                                    0x0800028e   Section        0  llshl.o(.text)
    .text                                    0x080002ac   Section        0  llushr.o(.text)
    .text                                    0x080002cc   Section       36  init.o(.text)
    [Anonymous Symbol]                       0x080002f0   Section        0  stm32f4xx_it.o(.text.BusFault_Handler)
    [Anonymous Symbol]                       0x080002f4   Section        0  stm32f4xx_it.o(.text.DMA2_Stream3_IRQHandler)
    [Anonymous Symbol]                       0x08000300   Section        0  stm32f4xx_it.o(.text.DebugMon_Handler)
    [Anonymous Symbol]                       0x08000304   Section        0  stm32f4xx_it.o(.text.EXTI3_IRQHandler)
    [Anonymous Symbol]                       0x0800030c   Section        0  stm32f4xx_it.o(.text.EXTI4_IRQHandler)
    [Anonymous Symbol]                       0x08000314   Section        0  main.o(.text.Error_Handler)
    [Anonymous Symbol]                       0x08000320   Section        0  stm32f4xx_hal_dma.o(.text.HAL_DMA_Abort_IT)
    [Anonymous Symbol]                       0x08000344   Section        0  stm32f4xx_hal_dma.o(.text.HAL_DMA_IRQHandler)
    [Anonymous Symbol]                       0x08000504   Section        0  stm32f4xx_hal_dma.o(.text.HAL_DMA_Init)
    [Anonymous Symbol]                       0x08000668   Section        0  stm32f4xx_hal_dma.o(.text.HAL_DMA_Start_IT)
    [Anonymous Symbol]                       0x08000708   Section        0  stm32f4xx_hal.o(.text.HAL_Delay)
    [Anonymous Symbol]                       0x08000730   Section        0  stm32f4xx_hal_gpio.o(.text.HAL_GPIO_EXTI_Callback)
    [Anonymous Symbol]                       0x08000734   Section        0  stm32f4xx_hal_gpio.o(.text.HAL_GPIO_EXTI_IRQHandler)
    [Anonymous Symbol]                       0x0800074c   Section        0  stm32f4xx_hal_gpio.o(.text.HAL_GPIO_Init)
    [Anonymous Symbol]                       0x080008f4   Section        0  stm32f4xx_hal_gpio.o(.text.HAL_GPIO_WritePin)
    [Anonymous Symbol]                       0x08000900   Section        0  stm32f4xx_hal.o(.text.HAL_GetTick)
    [Anonymous Symbol]                       0x0800090c   Section        0  stm32f4xx_hal.o(.text.HAL_IncTick)
    [Anonymous Symbol]                       0x08000928   Section        0  stm32f4xx_hal.o(.text.HAL_Init)
    [Anonymous Symbol]                       0x08000960   Section        0  stm32f4xx_hal.o(.text.HAL_InitTick)
    [Anonymous Symbol]                       0x080009a8   Section        0  stm32f4xx_hal_msp.o(.text.HAL_MspInit)
    [Anonymous Symbol]                       0x080009ec   Section        0  stm32f4xx_hal_cortex.o(.text.HAL_NVIC_EnableIRQ)
    [Anonymous Symbol]                       0x08000a14   Section        0  stm32f4xx_hal_cortex.o(.text.HAL_NVIC_SetPriority)
    [Anonymous Symbol]                       0x08000a6c   Section        0  stm32f4xx_hal_cortex.o(.text.HAL_NVIC_SetPriorityGrouping)
    [Anonymous Symbol]                       0x08000a8c   Section        0  stm32f4xx_hal_pwr_ex.o(.text.HAL_PWREx_EnableOverDrive)
    [Anonymous Symbol]                       0x08000b08   Section        0  stm32f4xx_hal_rcc.o(.text.HAL_RCC_ClockConfig)
    [Anonymous Symbol]                       0x08000c68   Section        0  stm32f4xx_hal_rcc.o(.text.HAL_RCC_GetSysClockFreq)
    [Anonymous Symbol]                       0x08000cd4   Section        0  stm32f4xx_hal_rcc.o(.text.HAL_RCC_OscConfig)
    [Anonymous Symbol]                       0x08001048   Section        0  stm32f4xx_hal_spi.o(.text.HAL_SPI_ErrorCallback)
    [Anonymous Symbol]                       0x0800104c   Section        0  stm32f4xx_hal_spi.o(.text.HAL_SPI_GetState)
    [Anonymous Symbol]                       0x08001054   Section        0  stm32f4xx_hal_spi.o(.text.HAL_SPI_IRQHandler)
    [Anonymous Symbol]                       0x08001180   Section        0  stm32f4xx_hal_spi.o(.text.HAL_SPI_Init)
    [Anonymous Symbol]                       0x08001234   Section        0  spi.o(.text.HAL_SPI_MspInit)
    [Anonymous Symbol]                       0x080012ec   Section        0  stm32f4xx_hal_spi.o(.text.HAL_SPI_Transmit)
    [Anonymous Symbol]                       0x08001540   Section        0  stm32f4xx_hal_spi.o(.text.HAL_SPI_Transmit_DMA)
    [Anonymous Symbol]                       0x0800162c   Section        0  lcd.o(.text.HAL_SPI_TxCpltCallback)
    [Anonymous Symbol]                       0x08001648   Section        0  stm32f4xx_hal_spi.o(.text.HAL_SPI_TxHalfCpltCallback)
    [Anonymous Symbol]                       0x0800164c   Section        0  stm32f4xx_hal_cortex.o(.text.HAL_SYSTICK_Config)
    [Anonymous Symbol]                       0x08001678   Section        0  stm32f4xx_it.o(.text.HardFault_Handler)
    [Anonymous Symbol]                       0x0800167c   Section        0  lcd_init.o(.text.LCD_Address_Set)
    [Anonymous Symbol]                       0x08001858   Section        0  lcd.o(.text.LCD_Fill)
    [Anonymous Symbol]                       0x080018a0   Section        0  lcd_init.o(.text.LCD_Init)
    [Anonymous Symbol]                       0x080024b4   Section        0  lcd.o(.text.LCD_ShowChar)
    [Anonymous Symbol]                       0x08002828   Section        0  lcd.o(.text.LCD_ShowPicture_DMA)
    [Anonymous Symbol]                       0x080028a8   Section        0  lcd.o(.text.LCD_ShowString)
    [Anonymous Symbol]                       0x080028f0   Section        0  lcd_init.o(.text.LCD_WR_DATA)
    [Anonymous Symbol]                       0x08002948   Section        0  dma.o(.text.MX_DMA_Init)
    [Anonymous Symbol]                       0x08002980   Section        0  freertos.o(.text.MX_FREERTOS_Init)
    [Anonymous Symbol]                       0x080029a4   Section        0  gpio.o(.text.MX_GPIO_Init)
    [Anonymous Symbol]                       0x08002adc   Section        0  spi.o(.text.MX_SPI1_Init)
    [Anonymous Symbol]                       0x08002b24   Section        0  stm32f4xx_it.o(.text.MemManage_Handler)
    [Anonymous Symbol]                       0x08002b28   Section        0  stm32f4xx_it.o(.text.NMI_Handler)
    [Anonymous Symbol]                       0x08002b30   Section        0  port.o(.text.PendSV_Handler)
    pxCurrentTCBConst                        0x08002b90   Number         0  port.o(.text.PendSV_Handler)
    [Anonymous Symbol]                       0x08002b94   Section        0  stm32f4xx_it.o(.text.SPI1_IRQHandler)
    SPI_DMAAbortOnError                      0x08002ba1   Thumb Code    12  stm32f4xx_hal_spi.o(.text.SPI_DMAAbortOnError)
    [Anonymous Symbol]                       0x08002ba0   Section        0  stm32f4xx_hal_spi.o(.text.SPI_DMAAbortOnError)
    SPI_DMAError                             0x08002bad   Thumb Code    30  stm32f4xx_hal_spi.o(.text.SPI_DMAError)
    [Anonymous Symbol]                       0x08002bac   Section        0  stm32f4xx_hal_spi.o(.text.SPI_DMAError)
    SPI_DMAHalfTransmitCplt                  0x08002bcd   Thumb Code     6  stm32f4xx_hal_spi.o(.text.SPI_DMAHalfTransmitCplt)
    [Anonymous Symbol]                       0x08002bcc   Section        0  stm32f4xx_hal_spi.o(.text.SPI_DMAHalfTransmitCplt)
    SPI_DMATransmitCplt                      0x08002bd5   Thumb Code   244  stm32f4xx_hal_spi.o(.text.SPI_DMATransmitCplt)
    [Anonymous Symbol]                       0x08002bd4   Section        0  stm32f4xx_hal_spi.o(.text.SPI_DMATransmitCplt)
    SPI_WaitFlagStateUntilTimeout            0x08002cc9   Thumb Code   228  stm32f4xx_hal_spi.o(.text.SPI_WaitFlagStateUntilTimeout)
    [Anonymous Symbol]                       0x08002cc8   Section        0  stm32f4xx_hal_spi.o(.text.SPI_WaitFlagStateUntilTimeout)
    [Anonymous Symbol]                       0x08002db0   Section        0  port.o(.text.SVC_Handler)
    pxCurrentTCBConst2                       0x08002dd0   Number         0  port.o(.text.SVC_Handler)
    [Anonymous Symbol]                       0x08002dd4   Section        0  freertos.o(.text.StartDefaultTask)
    [Anonymous Symbol]                       0x08002ddc   Section        0  stm32f4xx_it.o(.text.SysTick_Handler)
    [Anonymous Symbol]                       0x08002df4   Section        0  main.o(.text.SystemClock_Config)
    [Anonymous Symbol]                       0x08002eb8   Section        0  system_stm32f4xx.o(.text.SystemInit)
    [Anonymous Symbol]                       0x08002ecc   Section        0  stm32f4xx_it.o(.text.UsageFault_Handler)
    [Anonymous Symbol]                       0x08002ed0   Section        0  main.o(.text.main)
    [Anonymous Symbol]                       0x08002f48   Section        0  cmsis_os2.o(.text.osDelay)
    [Anonymous Symbol]                       0x08002f68   Section        0  cmsis_os2.o(.text.osKernelInitialize)
    [Anonymous Symbol]                       0x08002f90   Section        0  cmsis_os2.o(.text.osKernelStart)
    [Anonymous Symbol]                       0x08002fcc   Section        0  cmsis_os2.o(.text.osThreadNew)
    prvAddNewTaskToReadyList                 0x0800307d   Thumb Code   650  tasks.o(.text.prvAddNewTaskToReadyList)
    [Anonymous Symbol]                       0x0800307c   Section        0  tasks.o(.text.prvAddNewTaskToReadyList)
    prvIdleTask                              0x08003309   Thumb Code   134  tasks.o(.text.prvIdleTask)
    [Anonymous Symbol]                       0x08003308   Section        0  tasks.o(.text.prvIdleTask)
    prvInitialiseNewTask                     0x08003391   Thumb Code   296  tasks.o(.text.prvInitialiseNewTask)
    [Anonymous Symbol]                       0x08003390   Section        0  tasks.o(.text.prvInitialiseNewTask)
    prvPortStartFirstTask                    0x080034b9   Thumb Code    40  port.o(.text.prvPortStartFirstTask)
    [Anonymous Symbol]                       0x080034b8   Section        0  port.o(.text.prvPortStartFirstTask)
    prvTaskExitError                         0x080034e1   Thumb Code    62  port.o(.text.prvTaskExitError)
    [Anonymous Symbol]                       0x080034e0   Section        0  port.o(.text.prvTaskExitError)
    prvTimerTask                             0x08003521   Thumb Code   906  timers.o(.text.prvTimerTask)
    [Anonymous Symbol]                       0x08003520   Section        0  timers.o(.text.prvTimerTask)
    prvUnlockQueue                           0x080038ad   Thumb Code   116  queue.o(.text.prvUnlockQueue)
    [Anonymous Symbol]                       0x080038ac   Section        0  queue.o(.text.prvUnlockQueue)
    [Anonymous Symbol]                       0x08003920   Section        0  heap_4.o(.text.pvPortMalloc)
    [Anonymous Symbol]                       0x08003b2c   Section        0  port.o(.text.pxPortInitialiseStack)
    [Anonymous Symbol]                       0x08003b54   Section        0  main.o(.text.taskST7789)
    [Anonymous Symbol]                       0x08003c3c   Section        0  list.o(.text.uxListRemove)
    [Anonymous Symbol]                       0x08003c60   Section        0  cmsis_os2.o(.text.vApplicationGetIdleTaskMemory)
    [Anonymous Symbol]                       0x08003c7c   Section        0  cmsis_os2.o(.text.vApplicationGetTimerTaskMemory)
    [Anonymous Symbol]                       0x08003c98   Section        0  list.o(.text.vListInitialise)
    [Anonymous Symbol]                       0x08003cb0   Section        0  list.o(.text.vListInitialiseItem)
    [Anonymous Symbol]                       0x08003cb8   Section        0  list.o(.text.vListInsert)
    [Anonymous Symbol]                       0x08003d1c   Section        0  list.o(.text.vListInsertEnd)
    vPortEnableVFP                           0x08003d39   Thumb Code    20  port.o(.text.vPortEnableVFP)
    [Anonymous Symbol]                       0x08003d38   Section        0  port.o(.text.vPortEnableVFP)
    [Anonymous Symbol]                       0x08003d4c   Section        0  port.o(.text.vPortEnterCritical)
    [Anonymous Symbol]                       0x08003d94   Section        0  port.o(.text.vPortExitCritical)
    [Anonymous Symbol]                       0x08003dc4   Section        0  heap_4.o(.text.vPortFree)
    [Anonymous Symbol]                       0x08003e98   Section        0  port.o(.text.vPortSetupTimerInterrupt)
    [Anonymous Symbol]                       0x08003ecc   Section        0  queue.o(.text.vQueueAddToRegistry)
    [Anonymous Symbol]                       0x08003f7c   Section        0  queue.o(.text.vQueueWaitForMessageRestricted)
    [Anonymous Symbol]                       0x08003fd0   Section        0  tasks.o(.text.vTaskDelay)
    [Anonymous Symbol]                       0x08004050   Section        0  tasks.o(.text.vTaskInternalSetTimeOutState)
    [Anonymous Symbol]                       0x08004064   Section        0  tasks.o(.text.vTaskMissedYield)
    [Anonymous Symbol]                       0x08004074   Section        0  tasks.o(.text.vTaskPlaceOnEventList)
    [Anonymous Symbol]                       0x080040e8   Section        0  tasks.o(.text.vTaskPlaceOnEventListRestricted)
    [Anonymous Symbol]                       0x08004164   Section        0  tasks.o(.text.vTaskStartScheduler)
    [Anonymous Symbol]                       0x08004254   Section        0  tasks.o(.text.vTaskSuspendAll)
    __tagsym$$used.0                         0x08004264   Number         0  tasks.o(.text.vTaskSwitchContext)
    [Anonymous Symbol]                       0x08004264   Section        0  tasks.o(.text.vTaskSwitchContext)
    [Anonymous Symbol]                       0x08004320   Section        0  port.o(.text.xPortStartScheduler)
    [Anonymous Symbol]                       0x080044a4   Section        0  port.o(.text.xPortSysTickHandler)
    [Anonymous Symbol]                       0x080044d4   Section        0  queue.o(.text.xQueueGenericCreateStatic)
    [Anonymous Symbol]                       0x080045b4   Section        0  queue.o(.text.xQueueGenericSend)
    [Anonymous Symbol]                       0x080047e0   Section        0  queue.o(.text.xQueueReceive)
    [Anonymous Symbol]                       0x08004984   Section        0  tasks.o(.text.xTaskCheckForTimeOut)
    [Anonymous Symbol]                       0x08004a28   Section        0  tasks.o(.text.xTaskCreate)
    [Anonymous Symbol]                       0x08004a88   Section        0  tasks.o(.text.xTaskCreateStatic)
    [Anonymous Symbol]                       0x08004b00   Section        0  tasks.o(.text.xTaskGetSchedulerState)
    [Anonymous Symbol]                       0x08004b20   Section        0  tasks.o(.text.xTaskGetTickCount)
    [Anonymous Symbol]                       0x08004b2c   Section        0  tasks.o(.text.xTaskIncrementTick)
    [Anonymous Symbol]                       0x08004c30   Section        0  tasks.o(.text.xTaskPriorityDisinherit)
    [Anonymous Symbol]                       0x08004cbc   Section        0  tasks.o(.text.xTaskRemoveFromEventList)
    [Anonymous Symbol]                       0x08004d30   Section        0  tasks.o(.text.xTaskResumeAll)
    [Anonymous Symbol]                       0x08004e20   Section        0  timers.o(.text.xTimerCreateTimerTask)
    i.__scatterload_copy                     0x08004ed4   Section       14  handlers.o(i.__scatterload_copy)
    i.__scatterload_null                     0x08004ee2   Section        2  handlers.o(i.__scatterload_null)
    i.__scatterload_zeroinit                 0x08004ee4   Section       14  handlers.o(i.__scatterload_zeroinit)
    DMA_CalcBaseAndBitshift.flagBitshiftOffset 0x080082f6   Data           8  stm32f4xx_hal_dma.o(.rodata.cst8)
    [Anonymous Symbol]                       0x080082f6   Section        0  stm32f4xx_hal_dma.o(.rodata.cst8)
    [Anonymous Symbol]                       0x080b0f54   Section        0  freertos.o(.rodata.str1.1)
    .L.str.1                                 0x080b0f60   Data           5  timers.o(.rodata.str1.1)
    [Anonymous Symbol]                       0x080b0f60   Section        0  timers.o(.rodata.str1.1)
    .L_MergedGlobals                         0x20000000   Data           8  stm32f4xx_hal.o(.data..L_MergedGlobals)
    [Anonymous Symbol]                       0x20000000   Section        0  stm32f4xx_hal.o(.data..L_MergedGlobals)
    uxCriticalNesting                        0x2000000c   Data           4  port.o(.data.uxCriticalNesting)
    [Anonymous Symbol]                       0x2000000c   Section        0  port.o(.data.uxCriticalNesting)
    .L_MergedGlobals                         0x20000010   Data         120  tasks.o(.bss..L_MergedGlobals)
    [Anonymous Symbol]                       0x20000010   Section        0  tasks.o(.bss..L_MergedGlobals)
    uxTaskNumber                             0x20000014   Data           4  tasks.o(.bss..L_MergedGlobals)
    uxDeletedTasksWaitingCleanUp             0x20000018   Data           4  tasks.o(.bss..L_MergedGlobals)
    uxCurrentNumberOfTasks                   0x2000001c   Data           4  tasks.o(.bss..L_MergedGlobals)
    xSchedulerRunning                        0x20000020   Data           4  tasks.o(.bss..L_MergedGlobals)
    uxSchedulerSuspended                     0x20000024   Data           4  tasks.o(.bss..L_MergedGlobals)
    xTickCount                               0x20000028   Data           4  tasks.o(.bss..L_MergedGlobals)
    pxDelayedTaskList                        0x2000002c   Data           4  tasks.o(.bss..L_MergedGlobals)
    pxOverflowDelayedTaskList                0x20000030   Data           4  tasks.o(.bss..L_MergedGlobals)
    uxTopReadyPriority                       0x20000034   Data           4  tasks.o(.bss..L_MergedGlobals)
    xIdleTaskHandle                          0x20000038   Data           4  tasks.o(.bss..L_MergedGlobals)
    xNextTaskUnblockTime                     0x2000003c   Data           4  tasks.o(.bss..L_MergedGlobals)
    xYieldPending                            0x20000040   Data           4  tasks.o(.bss..L_MergedGlobals)
    xPendedTicks                             0x20000044   Data           4  tasks.o(.bss..L_MergedGlobals)
    xNumOfOverflows                          0x20000048   Data           4  tasks.o(.bss..L_MergedGlobals)
    xTasksWaitingTermination                 0x2000004c   Data          20  tasks.o(.bss..L_MergedGlobals)
    xSuspendedTaskList                       0x20000060   Data          20  tasks.o(.bss..L_MergedGlobals)
    xPendingReadyList                        0x20000074   Data          20  tasks.o(.bss..L_MergedGlobals)
    .L_MergedGlobals                         0x20000088   Data          60  timers.o(.bss..L_MergedGlobals)
    xTimerQueue                              0x20000088   Data           4  timers.o(.bss..L_MergedGlobals)
    [Anonymous Symbol]                       0x20000088   Section        0  timers.o(.bss..L_MergedGlobals)
    xTimerTaskHandle                         0x2000008c   Data           4  timers.o(.bss..L_MergedGlobals)
    pxCurrentTimerList                       0x20000090   Data           4  timers.o(.bss..L_MergedGlobals)
    pxOverflowTimerList                      0x20000094   Data           4  timers.o(.bss..L_MergedGlobals)
    prvSampleTimeNow.xLastTime               0x20000098   Data           4  timers.o(.bss..L_MergedGlobals)
    xActiveTimerList1                        0x2000009c   Data          20  timers.o(.bss..L_MergedGlobals)
    xActiveTimerList2                        0x200000b0   Data          20  timers.o(.bss..L_MergedGlobals)
    .L_MergedGlobals                         0x200000c4   Data          32  heap_4.o(.bss..L_MergedGlobals)
    xBlockAllocatedBit                       0x200000c4   Data           1  heap_4.o(.bss..L_MergedGlobals)
    [Anonymous Symbol]                       0x200000c4   Section        0  heap_4.o(.bss..L_MergedGlobals)
    pxEnd                                    0x200000c8   Data           4  heap_4.o(.bss..L_MergedGlobals)
    xFreeBytesRemaining                      0x200000cc   Data           4  heap_4.o(.bss..L_MergedGlobals)
    xMinimumEverFreeBytesRemaining           0x200000d0   Data           4  heap_4.o(.bss..L_MergedGlobals)
    xNumberOfSuccessfulAllocations           0x200000d4   Data           4  heap_4.o(.bss..L_MergedGlobals)
    xNumberOfSuccessfulFrees                 0x200000d8   Data           4  heap_4.o(.bss..L_MergedGlobals)
    xStart                                   0x200000dc   Data           8  heap_4.o(.bss..L_MergedGlobals)
    .L_MergedGlobals                         0x200000e4   Data           8  port.o(.bss..L_MergedGlobals)
    ucMaxSysCallPriority                     0x200000e4   Data           1  port.o(.bss..L_MergedGlobals)
    [Anonymous Symbol]                       0x200000e4   Section        0  port.o(.bss..L_MergedGlobals)
    ulMaxPRIGROUPValue                       0x200000e8   Data           4  port.o(.bss..L_MergedGlobals)
    .L_MergedGlobals.1                       0x200000ec   Data          40  tasks.o(.bss..L_MergedGlobals.1)
    xDelayedTaskList1                        0x200000ec   Data          20  tasks.o(.bss..L_MergedGlobals.1)
    [Anonymous Symbol]                       0x200000ec   Section        0  tasks.o(.bss..L_MergedGlobals.1)
    xDelayedTaskList2                        0x20000100   Data          20  tasks.o(.bss..L_MergedGlobals.1)
    KernelState                              0x20000114   Data           4  cmsis_os2.o(.bss.KernelState)
    [Anonymous Symbol]                       0x20000114   Section        0  cmsis_os2.o(.bss.KernelState)
    prvCheckForValidListAndQueue.ucStaticTimerQueueStorage 0x200001d8   Data         160  timers.o(.bss.prvCheckForValidListAndQueue.ucStaticTimerQueueStorage)
    [Anonymous Symbol]                       0x200001d8   Section        0  timers.o(.bss.prvCheckForValidListAndQueue.ucStaticTimerQueueStorage)
    prvCheckForValidListAndQueue.xStaticTimerQueue 0x20000278   Data          80  timers.o(.bss.prvCheckForValidListAndQueue.xStaticTimerQueue)
    [Anonymous Symbol]                       0x20000278   Section        0  timers.o(.bss.prvCheckForValidListAndQueue.xStaticTimerQueue)
    pxReadyTasksLists                        0x200002c8   Data        1120  tasks.o(.bss.pxReadyTasksLists)
    [Anonymous Symbol]                       0x200002c8   Section        0  tasks.o(.bss.pxReadyTasksLists)
    ucHeap                                   0x20000728   Data       15360  heap_4.o(.bss.ucHeap)
    [Anonymous Symbol]                       0x20000728   Section        0  heap_4.o(.bss.ucHeap)
    vApplicationGetIdleTaskMemory.Idle_Stack 0x2000432c   Data         512  cmsis_os2.o(.bss.vApplicationGetIdleTaskMemory.Idle_Stack)
    [Anonymous Symbol]                       0x2000432c   Section        0  cmsis_os2.o(.bss.vApplicationGetIdleTaskMemory.Idle_Stack)
    vApplicationGetIdleTaskMemory.Idle_TCB   0x2000452c   Data          92  cmsis_os2.o(.bss.vApplicationGetIdleTaskMemory.Idle_TCB)
    [Anonymous Symbol]                       0x2000452c   Section        0  cmsis_os2.o(.bss.vApplicationGetIdleTaskMemory.Idle_TCB)
    vApplicationGetTimerTaskMemory.Timer_Stack 0x20004588   Data        1024  cmsis_os2.o(.bss.vApplicationGetTimerTaskMemory.Timer_Stack)
    [Anonymous Symbol]                       0x20004588   Section        0  cmsis_os2.o(.bss.vApplicationGetTimerTaskMemory.Timer_Stack)
    vApplicationGetTimerTaskMemory.Timer_TCB 0x20004988   Data          92  cmsis_os2.o(.bss.vApplicationGetTimerTaskMemory.Timer_TCB)
    [Anonymous Symbol]                       0x20004988   Section        0  cmsis_os2.o(.bss.vApplicationGetTimerTaskMemory.Timer_TCB)
    STACK                                    0x20004a28   Section     1024  startup_stm32f429xx.o(STACK)

    Global Symbols

    Symbol Name                              Value     Ov Type        Size  Object(Section)

    BuildAttributes$$THM_ISAv4$E$P$D$K$B$S$7EM$VFPi3$EXTD16$VFPS$VFMA$PE$A:L22UL41UL21$X:L11$S22US41US21$IEEE1$IW$~IW$USESV6$~STKCKD$USESV7$~SHL$OTIME$EBA8$MICROLIB$REQ8$PRES8$EABIv2 0x00000000   Number         0  anon$$obj.o ABSOLUTE
    __cpp_initialize__aeabi_                  - Undefined Weak Reference
    __cxa_finalize                            - Undefined Weak Reference
    __decompress                              - Undefined Weak Reference
    _clock_init                               - Undefined Weak Reference
    _microlib_exit                            - Undefined Weak Reference
    __Vectors_Size                           0x000001ac   Number         0  startup_stm32f429xx.o ABSOLUTE
    __Vectors                                0x08000000   Data           4  startup_stm32f429xx.o(RESET)
    __Vectors_End                            0x080001ac   Data           0  startup_stm32f429xx.o(RESET)
    __main                                   0x080001ad   Thumb Code     0  entry.o(.ARM.Collect$$$$00000000)
    _main_stk                                0x080001ad   Thumb Code     0  entry2.o(.ARM.Collect$$$$00000001)
    _main_scatterload                        0x080001b1   Thumb Code     0  entry5.o(.ARM.Collect$$$$00000004)
    __main_after_scatterload                 0x080001b5   Thumb Code     0  entry5.o(.ARM.Collect$$$$00000004)
    _main_clock                              0x080001b5   Thumb Code     0  entry7b.o(.ARM.Collect$$$$00000008)
    _main_cpp_init                           0x080001b5   Thumb Code     0  entry8b.o(.ARM.Collect$$$$0000000A)
    _main_init                               0x080001b5   Thumb Code     0  entry9a.o(.ARM.Collect$$$$0000000B)
    __rt_final_cpp                           0x080001bd   Thumb Code     0  entry10a.o(.ARM.Collect$$$$0000000D)
    __rt_final_exit                          0x080001bd   Thumb Code     0  entry11a.o(.ARM.Collect$$$$0000000F)
    Reset_Handler                            0x080001c1   Thumb Code     8  startup_stm32f429xx.o(.text)
    ADC_IRQHandler                           0x080001db   Thumb Code     0  startup_stm32f429xx.o(.text)
    CAN1_RX0_IRQHandler                      0x080001db   Thumb Code     0  startup_stm32f429xx.o(.text)
    CAN1_RX1_IRQHandler                      0x080001db   Thumb Code     0  startup_stm32f429xx.o(.text)
    CAN1_SCE_IRQHandler                      0x080001db   Thumb Code     0  startup_stm32f429xx.o(.text)
    CAN1_TX_IRQHandler                       0x080001db   Thumb Code     0  startup_stm32f429xx.o(.text)
    CAN2_RX0_IRQHandler                      0x080001db   Thumb Code     0  startup_stm32f429xx.o(.text)
    CAN2_RX1_IRQHandler                      0x080001db   Thumb Code     0  startup_stm32f429xx.o(.text)
    CAN2_SCE_IRQHandler                      0x080001db   Thumb Code     0  startup_stm32f429xx.o(.text)
    CAN2_TX_IRQHandler                       0x080001db   Thumb Code     0  startup_stm32f429xx.o(.text)
    DCMI_IRQHandler                          0x080001db   Thumb Code     0  startup_stm32f429xx.o(.text)
    DMA1_Stream0_IRQHandler                  0x080001db   Thumb Code     0  startup_stm32f429xx.o(.text)
    DMA1_Stream1_IRQHandler                  0x080001db   Thumb Code     0  startup_stm32f429xx.o(.text)
    DMA1_Stream2_IRQHandler                  0x080001db   Thumb Code     0  startup_stm32f429xx.o(.text)
    DMA1_Stream3_IRQHandler                  0x080001db   Thumb Code     0  startup_stm32f429xx.o(.text)
    DMA1_Stream4_IRQHandler                  0x080001db   Thumb Code     0  startup_stm32f429xx.o(.text)
    DMA1_Stream5_IRQHandler                  0x080001db   Thumb Code     0  startup_stm32f429xx.o(.text)
    DMA1_Stream6_IRQHandler                  0x080001db   Thumb Code     0  startup_stm32f429xx.o(.text)
    DMA1_Stream7_IRQHandler                  0x080001db   Thumb Code     0  startup_stm32f429xx.o(.text)
    DMA2D_IRQHandler                         0x080001db   Thumb Code     0  startup_stm32f429xx.o(.text)
    DMA2_Stream0_IRQHandler                  0x080001db   Thumb Code     0  startup_stm32f429xx.o(.text)
    DMA2_Stream1_IRQHandler                  0x080001db   Thumb Code     0  startup_stm32f429xx.o(.text)
    DMA2_Stream2_IRQHandler                  0x080001db   Thumb Code     0  startup_stm32f429xx.o(.text)
    DMA2_Stream4_IRQHandler                  0x080001db   Thumb Code     0  startup_stm32f429xx.o(.text)
    DMA2_Stream5_IRQHandler                  0x080001db   Thumb Code     0  startup_stm32f429xx.o(.text)
    DMA2_Stream6_IRQHandler                  0x080001db   Thumb Code     0  startup_stm32f429xx.o(.text)
    DMA2_Stream7_IRQHandler                  0x080001db   Thumb Code     0  startup_stm32f429xx.o(.text)
    ETH_IRQHandler                           0x080001db   Thumb Code     0  startup_stm32f429xx.o(.text)
    ETH_WKUP_IRQHandler                      0x080001db   Thumb Code     0  startup_stm32f429xx.o(.text)
    EXTI0_IRQHandler                         0x080001db   Thumb Code     0  startup_stm32f429xx.o(.text)
    EXTI15_10_IRQHandler                     0x080001db   Thumb Code     0  startup_stm32f429xx.o(.text)
    EXTI1_IRQHandler                         0x080001db   Thumb Code     0  startup_stm32f429xx.o(.text)
    EXTI2_IRQHandler                         0x080001db   Thumb Code     0  startup_stm32f429xx.o(.text)
    EXTI9_5_IRQHandler                       0x080001db   Thumb Code     0  startup_stm32f429xx.o(.text)
    FLASH_IRQHandler                         0x080001db   Thumb Code     0  startup_stm32f429xx.o(.text)
    FMC_IRQHandler                           0x080001db   Thumb Code     0  startup_stm32f429xx.o(.text)
    FPU_IRQHandler                           0x080001db   Thumb Code     0  startup_stm32f429xx.o(.text)
    HASH_RNG_IRQHandler                      0x080001db   Thumb Code     0  startup_stm32f429xx.o(.text)
    I2C1_ER_IRQHandler                       0x080001db   Thumb Code     0  startup_stm32f429xx.o(.text)
    I2C1_EV_IRQHandler                       0x080001db   Thumb Code     0  startup_stm32f429xx.o(.text)
    I2C2_ER_IRQHandler                       0x080001db   Thumb Code     0  startup_stm32f429xx.o(.text)
    I2C2_EV_IRQHandler                       0x080001db   Thumb Code     0  startup_stm32f429xx.o(.text)
    I2C3_ER_IRQHandler                       0x080001db   Thumb Code     0  startup_stm32f429xx.o(.text)
    I2C3_EV_IRQHandler                       0x080001db   Thumb Code     0  startup_stm32f429xx.o(.text)
    LTDC_ER_IRQHandler                       0x080001db   Thumb Code     0  startup_stm32f429xx.o(.text)
    LTDC_IRQHandler                          0x080001db   Thumb Code     0  startup_stm32f429xx.o(.text)
    OTG_FS_IRQHandler                        0x080001db   Thumb Code     0  startup_stm32f429xx.o(.text)
    OTG_FS_WKUP_IRQHandler                   0x080001db   Thumb Code     0  startup_stm32f429xx.o(.text)
    OTG_HS_EP1_IN_IRQHandler                 0x080001db   Thumb Code     0  startup_stm32f429xx.o(.text)
    OTG_HS_EP1_OUT_IRQHandler                0x080001db   Thumb Code     0  startup_stm32f429xx.o(.text)
    OTG_HS_IRQHandler                        0x080001db   Thumb Code     0  startup_stm32f429xx.o(.text)
    OTG_HS_WKUP_IRQHandler                   0x080001db   Thumb Code     0  startup_stm32f429xx.o(.text)
    PVD_IRQHandler                           0x080001db   Thumb Code     0  startup_stm32f429xx.o(.text)
    RCC_IRQHandler                           0x080001db   Thumb Code     0  startup_stm32f429xx.o(.text)
    RTC_Alarm_IRQHandler                     0x080001db   Thumb Code     0  startup_stm32f429xx.o(.text)
    RTC_WKUP_IRQHandler                      0x080001db   Thumb Code     0  startup_stm32f429xx.o(.text)
    SAI1_IRQHandler                          0x080001db   Thumb Code     0  startup_stm32f429xx.o(.text)
    SDIO_IRQHandler                          0x080001db   Thumb Code     0  startup_stm32f429xx.o(.text)
    SPI2_IRQHandler                          0x080001db   Thumb Code     0  startup_stm32f429xx.o(.text)
    SPI3_IRQHandler                          0x080001db   Thumb Code     0  startup_stm32f429xx.o(.text)
    SPI4_IRQHandler                          0x080001db   Thumb Code     0  startup_stm32f429xx.o(.text)
    SPI5_IRQHandler                          0x080001db   Thumb Code     0  startup_stm32f429xx.o(.text)
    SPI6_IRQHandler                          0x080001db   Thumb Code     0  startup_stm32f429xx.o(.text)
    TAMP_STAMP_IRQHandler                    0x080001db   Thumb Code     0  startup_stm32f429xx.o(.text)
    TIM1_BRK_TIM9_IRQHandler                 0x080001db   Thumb Code     0  startup_stm32f429xx.o(.text)
    TIM1_CC_IRQHandler                       0x080001db   Thumb Code     0  startup_stm32f429xx.o(.text)
    TIM1_TRG_COM_TIM11_IRQHandler            0x080001db   Thumb Code     0  startup_stm32f429xx.o(.text)
    TIM1_UP_TIM10_IRQHandler                 0x080001db   Thumb Code     0  startup_stm32f429xx.o(.text)
    TIM2_IRQHandler                          0x080001db   Thumb Code     0  startup_stm32f429xx.o(.text)
    TIM3_IRQHandler                          0x080001db   Thumb Code     0  startup_stm32f429xx.o(.text)
    TIM4_IRQHandler                          0x080001db   Thumb Code     0  startup_stm32f429xx.o(.text)
    TIM5_IRQHandler                          0x080001db   Thumb Code     0  startup_stm32f429xx.o(.text)
    TIM6_DAC_IRQHandler                      0x080001db   Thumb Code     0  startup_stm32f429xx.o(.text)
    TIM7_IRQHandler                          0x080001db   Thumb Code     0  startup_stm32f429xx.o(.text)
    TIM8_BRK_TIM12_IRQHandler                0x080001db   Thumb Code     0  startup_stm32f429xx.o(.text)
    TIM8_CC_IRQHandler                       0x080001db   Thumb Code     0  startup_stm32f429xx.o(.text)
    TIM8_TRG_COM_TIM14_IRQHandler            0x080001db   Thumb Code     0  startup_stm32f429xx.o(.text)
    TIM8_UP_TIM13_IRQHandler                 0x080001db   Thumb Code     0  startup_stm32f429xx.o(.text)
    UART4_IRQHandler                         0x080001db   Thumb Code     0  startup_stm32f429xx.o(.text)
    UART5_IRQHandler                         0x080001db   Thumb Code     0  startup_stm32f429xx.o(.text)
    UART7_IRQHandler                         0x080001db   Thumb Code     0  startup_stm32f429xx.o(.text)
    UART8_IRQHandler                         0x080001db   Thumb Code     0  startup_stm32f429xx.o(.text)
    USART1_IRQHandler                        0x080001db   Thumb Code     0  startup_stm32f429xx.o(.text)
    USART2_IRQHandler                        0x080001db   Thumb Code     0  startup_stm32f429xx.o(.text)
    USART3_IRQHandler                        0x080001db   Thumb Code     0  startup_stm32f429xx.o(.text)
    USART6_IRQHandler                        0x080001db   Thumb Code     0  startup_stm32f429xx.o(.text)
    WWDG_IRQHandler                          0x080001db   Thumb Code     0  startup_stm32f429xx.o(.text)
    __aeabi_uldivmod                         0x080001e5   Thumb Code    98  uldiv.o(.text)
    __aeabi_memcpy                           0x08000247   Thumb Code    36  memcpya.o(.text)
    __aeabi_memcpy4                          0x08000247   Thumb Code     0  memcpya.o(.text)
    __aeabi_memcpy8                          0x08000247   Thumb Code     0  memcpya.o(.text)
    __aeabi_memset                           0x0800026b   Thumb Code    14  memseta.o(.text)
    __aeabi_memset4                          0x0800026b   Thumb Code     0  memseta.o(.text)
    __aeabi_memset8                          0x0800026b   Thumb Code     0  memseta.o(.text)
    __aeabi_memclr                           0x08000279   Thumb Code     4  memseta.o(.text)
    __aeabi_memclr4                          0x08000279   Thumb Code     0  memseta.o(.text)
    __aeabi_memclr8                          0x08000279   Thumb Code     0  memseta.o(.text)
    _memset$wrapper                          0x0800027d   Thumb Code    18  memseta.o(.text)
    __aeabi_llsl                             0x0800028f   Thumb Code    30  llshl.o(.text)
    _ll_shift_l                              0x0800028f   Thumb Code     0  llshl.o(.text)
    __aeabi_llsr                             0x080002ad   Thumb Code    32  llushr.o(.text)
    _ll_ushift_r                             0x080002ad   Thumb Code     0  llushr.o(.text)
    __scatterload                            0x080002cd   Thumb Code    28  init.o(.text)
    __scatterload_rt2                        0x080002cd   Thumb Code     0  init.o(.text)
    BusFault_Handler                         0x080002f1   Thumb Code     2  stm32f4xx_it.o(.text.BusFault_Handler)
    DMA2_Stream3_IRQHandler                  0x080002f5   Thumb Code    12  stm32f4xx_it.o(.text.DMA2_Stream3_IRQHandler)
    DebugMon_Handler                         0x08000301   Thumb Code     2  stm32f4xx_it.o(.text.DebugMon_Handler)
    EXTI3_IRQHandler                         0x08000305   Thumb Code     6  stm32f4xx_it.o(.text.EXTI3_IRQHandler)
    EXTI4_IRQHandler                         0x0800030d   Thumb Code     6  stm32f4xx_it.o(.text.EXTI4_IRQHandler)
    Error_Handler                            0x08000315   Thumb Code    10  main.o(.text.Error_Handler)
    HAL_DMA_Abort_IT                         0x08000321   Thumb Code    36  stm32f4xx_hal_dma.o(.text.HAL_DMA_Abort_IT)
    HAL_DMA_IRQHandler                       0x08000345   Thumb Code   448  stm32f4xx_hal_dma.o(.text.HAL_DMA_IRQHandler)
    HAL_DMA_Init                             0x08000505   Thumb Code   354  stm32f4xx_hal_dma.o(.text.HAL_DMA_Init)
    HAL_DMA_Start_IT                         0x08000669   Thumb Code   158  stm32f4xx_hal_dma.o(.text.HAL_DMA_Start_IT)
    HAL_Delay                                0x08000709   Thumb Code    40  stm32f4xx_hal.o(.text.HAL_Delay)
    HAL_GPIO_EXTI_Callback                   0x08000731   Thumb Code     2  stm32f4xx_hal_gpio.o(.text.HAL_GPIO_EXTI_Callback)
    HAL_GPIO_EXTI_IRQHandler                 0x08000735   Thumb Code    22  stm32f4xx_hal_gpio.o(.text.HAL_GPIO_EXTI_IRQHandler)
    HAL_GPIO_Init                            0x0800074d   Thumb Code   422  stm32f4xx_hal_gpio.o(.text.HAL_GPIO_Init)
    HAL_GPIO_WritePin                        0x080008f5   Thumb Code    10  stm32f4xx_hal_gpio.o(.text.HAL_GPIO_WritePin)
    HAL_GetTick                              0x08000901   Thumb Code    12  stm32f4xx_hal.o(.text.HAL_GetTick)
    HAL_IncTick                              0x0800090d   Thumb Code    26  stm32f4xx_hal.o(.text.HAL_IncTick)
    HAL_Init                                 0x08000929   Thumb Code    54  stm32f4xx_hal.o(.text.HAL_Init)
    HAL_InitTick                             0x08000961   Thumb Code    72  stm32f4xx_hal.o(.text.HAL_InitTick)
    HAL_MspInit                              0x080009a9   Thumb Code    66  stm32f4xx_hal_msp.o(.text.HAL_MspInit)
    HAL_NVIC_EnableIRQ                       0x080009ed   Thumb Code    38  stm32f4xx_hal_cortex.o(.text.HAL_NVIC_EnableIRQ)
    HAL_NVIC_SetPriority                     0x08000a15   Thumb Code    86  stm32f4xx_hal_cortex.o(.text.HAL_NVIC_SetPriority)
    HAL_NVIC_SetPriorityGrouping             0x08000a6d   Thumb Code    32  stm32f4xx_hal_cortex.o(.text.HAL_NVIC_SetPriorityGrouping)
    HAL_PWREx_EnableOverDrive                0x08000a8d   Thumb Code   122  stm32f4xx_hal_pwr_ex.o(.text.HAL_PWREx_EnableOverDrive)
    HAL_RCC_ClockConfig                      0x08000b09   Thumb Code   352  stm32f4xx_hal_rcc.o(.text.HAL_RCC_ClockConfig)
    HAL_RCC_GetSysClockFreq                  0x08000c69   Thumb Code   106  stm32f4xx_hal_rcc.o(.text.HAL_RCC_GetSysClockFreq)
    HAL_RCC_OscConfig                        0x08000cd5   Thumb Code   884  stm32f4xx_hal_rcc.o(.text.HAL_RCC_OscConfig)
    HAL_SPI_ErrorCallback                    0x08001049   Thumb Code     2  stm32f4xx_hal_spi.o(.text.HAL_SPI_ErrorCallback)
    HAL_SPI_GetState                         0x0800104d   Thumb Code     6  stm32f4xx_hal_spi.o(.text.HAL_SPI_GetState)
    HAL_SPI_IRQHandler                       0x08001055   Thumb Code   300  stm32f4xx_hal_spi.o(.text.HAL_SPI_IRQHandler)
    HAL_SPI_Init                             0x08001181   Thumb Code   180  stm32f4xx_hal_spi.o(.text.HAL_SPI_Init)
    HAL_SPI_MspInit                          0x08001235   Thumb Code   182  spi.o(.text.HAL_SPI_MspInit)
    HAL_SPI_Transmit                         0x080012ed   Thumb Code   594  stm32f4xx_hal_spi.o(.text.HAL_SPI_Transmit)
    HAL_SPI_Transmit_DMA                     0x08001541   Thumb Code   234  stm32f4xx_hal_spi.o(.text.HAL_SPI_Transmit_DMA)
    HAL_SPI_TxCpltCallback                   0x0800162d   Thumb Code    28  lcd.o(.text.HAL_SPI_TxCpltCallback)
    HAL_SPI_TxHalfCpltCallback               0x08001649   Thumb Code     2  stm32f4xx_hal_spi.o(.text.HAL_SPI_TxHalfCpltCallback)
    HAL_SYSTICK_Config                       0x0800164d   Thumb Code    44  stm32f4xx_hal_cortex.o(.text.HAL_SYSTICK_Config)
    HardFault_Handler                        0x08001679   Thumb Code     2  stm32f4xx_it.o(.text.HardFault_Handler)
    LCD_Address_Set                          0x0800167d   Thumb Code   474  lcd_init.o(.text.LCD_Address_Set)
    LCD_Fill                                 0x08001859   Thumb Code    72  lcd.o(.text.LCD_Fill)
    LCD_Init                                 0x080018a1   Thumb Code  3092  lcd_init.o(.text.LCD_Init)
    LCD_ShowChar                             0x080024b5   Thumb Code   884  lcd.o(.text.LCD_ShowChar)
    LCD_ShowPicture_DMA                      0x08002829   Thumb Code   128  lcd.o(.text.LCD_ShowPicture_DMA)
    LCD_ShowString                           0x080028a9   Thumb Code    70  lcd.o(.text.LCD_ShowString)
    LCD_WR_DATA                              0x080028f1   Thumb Code    86  lcd_init.o(.text.LCD_WR_DATA)
    MX_DMA_Init                              0x08002949   Thumb Code    56  dma.o(.text.MX_DMA_Init)
    MX_FREERTOS_Init                         0x08002981   Thumb Code    36  freertos.o(.text.MX_FREERTOS_Init)
    MX_GPIO_Init                             0x080029a5   Thumb Code   310  gpio.o(.text.MX_GPIO_Init)
    MX_SPI1_Init                             0x08002add   Thumb Code    70  spi.o(.text.MX_SPI1_Init)
    MemManage_Handler                        0x08002b25   Thumb Code     2  stm32f4xx_it.o(.text.MemManage_Handler)
    NMI_Handler                              0x08002b29   Thumb Code     2  stm32f4xx_it.o(.text.NMI_Handler)
    PendSV_Handler                           0x08002b31   Thumb Code   100  port.o(.text.PendSV_Handler)
    SPI1_IRQHandler                          0x08002b95   Thumb Code    12  stm32f4xx_it.o(.text.SPI1_IRQHandler)
    SVC_Handler                              0x08002db1   Thumb Code    36  port.o(.text.SVC_Handler)
    StartDefaultTask                         0x08002dd5   Thumb Code     8  freertos.o(.text.StartDefaultTask)
    SysTick_Handler                          0x08002ddd   Thumb Code    24  stm32f4xx_it.o(.text.SysTick_Handler)
    SystemClock_Config                       0x08002df5   Thumb Code   196  main.o(.text.SystemClock_Config)
    SystemInit                               0x08002eb9   Thumb Code    18  system_stm32f4xx.o(.text.SystemInit)
    UsageFault_Handler                       0x08002ecd   Thumb Code     2  stm32f4xx_it.o(.text.UsageFault_Handler)
    main                                     0x08002ed1   Thumb Code   108  main.o(.text.main)
    osDelay                                  0x08002f49   Thumb Code    32  cmsis_os2.o(.text.osDelay)
    osKernelInitialize                       0x08002f69   Thumb Code    40  cmsis_os2.o(.text.osKernelInitialize)
    osKernelStart                            0x08002f91   Thumb Code    60  cmsis_os2.o(.text.osKernelStart)
    osThreadNew                              0x08002fcd   Thumb Code   174  cmsis_os2.o(.text.osThreadNew)
    pvPortMalloc                             0x08003921   Thumb Code   522  heap_4.o(.text.pvPortMalloc)
    pxPortInitialiseStack                    0x08003b2d   Thumb Code    40  port.o(.text.pxPortInitialiseStack)
    taskST7789                               0x08003b55   Thumb Code   230  main.o(.text.taskST7789)
    uxListRemove                             0x08003c3d   Thumb Code    36  list.o(.text.uxListRemove)
    vApplicationGetIdleTaskMemory            0x08003c61   Thumb Code    26  cmsis_os2.o(.text.vApplicationGetIdleTaskMemory)
    vApplicationGetTimerTaskMemory           0x08003c7d   Thumb Code    28  cmsis_os2.o(.text.vApplicationGetTimerTaskMemory)
    vListInitialise                          0x08003c99   Thumb Code    22  list.o(.text.vListInitialise)
    vListInitialiseItem                      0x08003cb1   Thumb Code     6  list.o(.text.vListInitialiseItem)
    vListInsert                              0x08003cb9   Thumb Code    98  list.o(.text.vListInsert)
    vListInsertEnd                           0x08003d1d   Thumb Code    28  list.o(.text.vListInsertEnd)
    vPortEnterCritical                       0x08003d4d   Thumb Code    70  port.o(.text.vPortEnterCritical)
    vPortExitCritical                        0x08003d95   Thumb Code    46  port.o(.text.vPortExitCritical)
    vPortFree                                0x08003dc5   Thumb Code   212  heap_4.o(.text.vPortFree)
    vPortSetupTimerInterrupt                 0x08003e99   Thumb Code    52  port.o(.text.vPortSetupTimerInterrupt)
    vQueueAddToRegistry                      0x08003ecd   Thumb Code   176  queue.o(.text.vQueueAddToRegistry)
    vQueueWaitForMessageRestricted           0x08003f7d   Thumb Code    82  queue.o(.text.vQueueWaitForMessageRestricted)
    vTaskDelay                               0x08003fd1   Thumb Code   128  tasks.o(.text.vTaskDelay)
    vTaskInternalSetTimeOutState             0x08004051   Thumb Code    18  tasks.o(.text.vTaskInternalSetTimeOutState)
    vTaskMissedYield                         0x08004065   Thumb Code    14  tasks.o(.text.vTaskMissedYield)
    vTaskPlaceOnEventList                    0x08004075   Thumb Code   116  tasks.o(.text.vTaskPlaceOnEventList)
    vTaskPlaceOnEventListRestricted          0x080040e9   Thumb Code   122  tasks.o(.text.vTaskPlaceOnEventListRestricted)
    vTaskStartScheduler                      0x08004165   Thumb Code   232  tasks.o(.text.vTaskStartScheduler)
    vTaskSuspendAll                          0x08004255   Thumb Code    16  tasks.o(.text.vTaskSuspendAll)
    vTaskSwitchContext                       0x08004265   Thumb Code   188  tasks.o(.text.vTaskSwitchContext)
    xPortStartScheduler                      0x08004321   Thumb Code   388  port.o(.text.xPortStartScheduler)
    xPortSysTickHandler                      0x080044a5   Thumb Code    46  port.o(.text.xPortSysTickHandler)
    xQueueGenericCreateStatic                0x080044d5   Thumb Code   222  queue.o(.text.xQueueGenericCreateStatic)
    xQueueGenericSend                        0x080045b5   Thumb Code   554  queue.o(.text.xQueueGenericSend)
    xQueueReceive                            0x080047e1   Thumb Code   418  queue.o(.text.xQueueReceive)
    xTaskCheckForTimeOut                     0x08004985   Thumb Code   162  tasks.o(.text.xTaskCheckForTimeOut)
    xTaskCreate                              0x08004a29   Thumb Code    96  tasks.o(.text.xTaskCreate)
    xTaskCreateStatic                        0x08004a89   Thumb Code   118  tasks.o(.text.xTaskCreateStatic)
    xTaskGetSchedulerState                   0x08004b01   Thumb Code    30  tasks.o(.text.xTaskGetSchedulerState)
    xTaskGetTickCount                        0x08004b21   Thumb Code    12  tasks.o(.text.xTaskGetTickCount)
    xTaskIncrementTick                       0x08004b2d   Thumb Code   260  tasks.o(.text.xTaskIncrementTick)
    xTaskPriorityDisinherit                  0x08004c31   Thumb Code   138  tasks.o(.text.xTaskPriorityDisinherit)
    xTaskRemoveFromEventList                 0x08004cbd   Thumb Code   114  tasks.o(.text.xTaskRemoveFromEventList)
    xTaskResumeAll                           0x08004d31   Thumb Code   238  tasks.o(.text.xTaskResumeAll)
    xTimerCreateTimerTask                    0x08004e21   Thumb Code   172  timers.o(.text.xTimerCreateTimerTask)
    __scatterload_copy                       0x08004ed5   Thumb Code    14  handlers.o(i.__scatterload_copy)
    __scatterload_null                       0x08004ee3   Thumb Code     2  handlers.o(i.__scatterload_null)
    __scatterload_zeroinit                   0x08004ee5   Thumb Code    14  handlers.o(i.__scatterload_zeroinit)
    AHBPrescTable                            0x08004ef2   Data          16  system_stm32f4xx.o(.rodata.AHBPrescTable)
    ascii_1206                               0x08004f02   Data        1140  lcd.o(.rodata.ascii_1206)
    ascii_1608                               0x08005376   Data        1520  lcd.o(.rodata.ascii_1608)
    ascii_2412                               0x08005966   Data        4560  lcd.o(.rodata.ascii_2412)
    ascii_3216                               0x08006b36   Data        6080  lcd.o(.rodata.ascii_3216)
    defaultTask_attributes                   0x08008300   Data          36  freertos.o(.rodata.defaultTask_attributes)
    gImage_airisu01                          0x08008324   Data       115208  main.o(.rodata.gImage_airisu01)
    gImage_airisu02                          0x0802452c   Data       115208  main.o(.rodata.gImage_airisu02)
    gImage_airisu03                          0x08040734   Data       115208  main.o(.rodata.gImage_airisu03)
    gImage_airisu04                          0x0805c93c   Data       115208  main.o(.rodata.gImage_airisu04)
    gImage_airisu05                          0x08078b44   Data       115208  main.o(.rodata.gImage_airisu05)
    gImage_airisu06                          0x08094d4c   Data       115208  main.o(.rodata.gImage_airisu06)
    Region$$Table$$Base                      0x080b0f68   Number         0  anon$$obj.o(Region$$Table)
    Region$$Table$$Limit                     0x080b0f88   Number         0  anon$$obj.o(Region$$Table)
    uwTickFreq                               0x20000000   Data           1  stm32f4xx_hal.o(.data..L_MergedGlobals)
    uwTickPrio                               0x20000004   Data           4  stm32f4xx_hal.o(.data..L_MergedGlobals)
    SystemCoreClock                          0x20000008   Data           4  system_stm32f4xx.o(.data.SystemCoreClock)
    pxCurrentTCB                             0x20000010   Data           4  tasks.o(.bss..L_MergedGlobals)
    defaultTaskHandle                        0x20000118   Data           4  freertos.o(.bss.defaultTaskHandle)
    handleST7789                             0x2000011c   Data           4  main.o(.bss.handleST7789)
    hdma_spi1_tx                             0x20000120   Data          96  spi.o(.bss.hdma_spi1_tx)
    hspi1                                    0x20000180   Data          88  spi.o(.bss.hspi1)
    uwTick                                   0x20004328   Data           4  stm32f4xx_hal.o(.bss.uwTick)
    xQueueRegistry                           0x200049e4   Data          64  queue.o(.bss.xQueueRegistry)
    __initial_sp                             0x20004e28   Data           0  startup_stm32f429xx.o(STACK)



==============================================================================

Memory Map of the image

  Image Entry point : 0x080001ad

  Load Region LR_IROM1 (Base: 0x08000000, Size: 0x000b0f98, Max: 0x00200000, ABSOLUTE)

    Execution Region ER_IROM1 (Exec base: 0x08000000, Load base: 0x08000000, Size: 0x000b0f88, Max: 0x00200000, ABSOLUTE)

    Exec Addr    Load Addr    Size         Type   Attr      Idx    E Section Name        Object

    0x08000000   0x08000000   0x000001ac   Data   RO            3    RESET               startup_stm32f429xx.o
    0x080001ac   0x080001ac   0x00000000   Code   RO         1270  * .ARM.Collect$$$$00000000  mc_w.l(entry.o)
    0x080001ac   0x080001ac   0x00000004   Code   RO         1281    .ARM.Collect$$$$00000001  mc_w.l(entry2.o)
    0x080001b0   0x080001b0   0x00000004   Code   RO         1284    .ARM.Collect$$$$00000004  mc_w.l(entry5.o)
    0x080001b4   0x080001b4   0x00000000   Code   RO         1286    .ARM.Collect$$$$00000008  mc_w.l(entry7b.o)
    0x080001b4   0x080001b4   0x00000000   Code   RO         1288    .ARM.Collect$$$$0000000A  mc_w.l(entry8b.o)
    0x080001b4   0x080001b4   0x00000008   Code   RO         1289    .ARM.Collect$$$$0000000B  mc_w.l(entry9a.o)
    0x080001bc   0x080001bc   0x00000000   Code   RO         1291    .ARM.Collect$$$$0000000D  mc_w.l(entry10a.o)
    0x080001bc   0x080001bc   0x00000000   Code   RO         1293    .ARM.Collect$$$$0000000F  mc_w.l(entry11a.o)
    0x080001bc   0x080001bc   0x00000004   Code   RO         1282    .ARM.Collect$$$$00002712  mc_w.l(entry2.o)
    0x080001c0   0x080001c0   0x00000024   Code   RO            4    .text               startup_stm32f429xx.o
    0x080001e4   0x080001e4   0x00000062   Code   RO         1273    .text               mc_w.l(uldiv.o)
    0x08000246   0x08000246   0x00000024   Code   RO         1275    .text               mc_w.l(memcpya.o)
    0x0800026a   0x0800026a   0x00000024   Code   RO         1277    .text               mc_w.l(memseta.o)
    0x0800028e   0x0800028e   0x0000001e   Code   RO         1295    .text               mc_w.l(llshl.o)
    0x080002ac   0x080002ac   0x00000020   Code   RO         1297    .text               mc_w.l(llushr.o)
    0x080002cc   0x080002cc   0x00000024   Code   RO         1299    .text               mc_w.l(init.o)
    0x080002f0   0x080002f0   0x00000002   Code   RO           91    .text.BusFault_Handler  stm32f4xx_it.o
    0x080002f2   0x080002f2   0x00000002   PAD
    0x080002f4   0x080002f4   0x0000000c   Code   RO          105    .text.DMA2_Stream3_IRQHandler  stm32f4xx_it.o
    0x08000300   0x08000300   0x00000002   Code   RO           95    .text.DebugMon_Handler  stm32f4xx_it.o
    0x08000302   0x08000302   0x00000002   PAD
    0x08000304   0x08000304   0x00000006   Code   RO           99    .text.EXTI3_IRQHandler  stm32f4xx_it.o
    0x0800030a   0x0800030a   0x00000002   PAD
    0x0800030c   0x0800030c   0x00000006   Code   RO          101    .text.EXTI4_IRQHandler  stm32f4xx_it.o
    0x08000312   0x08000312   0x00000002   PAD
    0x08000314   0x08000314   0x0000000a   Code   RO           17    .text.Error_Handler  main.o
    0x0800031e   0x0800031e   0x00000002   PAD
    0x08000320   0x08000320   0x00000024   Code   RO          295    .text.HAL_DMA_Abort_IT  stm32f4xx_hal_dma.o
    0x08000344   0x08000344   0x000001c0   Code   RO          299    .text.HAL_DMA_IRQHandler  stm32f4xx_hal_dma.o
    0x08000504   0x08000504   0x00000162   Code   RO          285    .text.HAL_DMA_Init  stm32f4xx_hal_dma.o
    0x08000666   0x08000666   0x00000002   PAD
    0x08000668   0x08000668   0x0000009e   Code   RO          291    .text.HAL_DMA_Start_IT  stm32f4xx_hal_dma.o
    0x08000706   0x08000706   0x00000002   PAD
    0x08000708   0x08000708   0x00000028   Code   RO          452    .text.HAL_Delay     stm32f4xx_hal.o
    0x08000730   0x08000730   0x00000002   Code   RO          261    .text.HAL_GPIO_EXTI_Callback  stm32f4xx_hal_gpio.o
    0x08000732   0x08000732   0x00000002   PAD
    0x08000734   0x08000734   0x00000016   Code   RO          259    .text.HAL_GPIO_EXTI_IRQHandler  stm32f4xx_hal_gpio.o
    0x0800074a   0x0800074a   0x00000002   PAD
    0x0800074c   0x0800074c   0x000001a6   Code   RO          247    .text.HAL_GPIO_Init  stm32f4xx_hal_gpio.o
    0x080008f2   0x080008f2   0x00000002   PAD
    0x080008f4   0x080008f4   0x0000000a   Code   RO          253    .text.HAL_GPIO_WritePin  stm32f4xx_hal_gpio.o
    0x080008fe   0x080008fe   0x00000002   PAD
    0x08000900   0x08000900   0x0000000c   Code   RO          444    .text.HAL_GetTick   stm32f4xx_hal.o
    0x0800090c   0x0800090c   0x0000001a   Code   RO          442    .text.HAL_IncTick   stm32f4xx_hal.o
    0x08000926   0x08000926   0x00000002   PAD
    0x08000928   0x08000928   0x00000036   Code   RO          432    .text.HAL_Init      stm32f4xx_hal.o
    0x0800095e   0x0800095e   0x00000002   PAD
    0x08000960   0x08000960   0x00000048   Code   RO          434    .text.HAL_InitTick  stm32f4xx_hal.o
    0x080009a8   0x080009a8   0x00000042   Code   RO          114    .text.HAL_MspInit   stm32f4xx_hal_msp.o
    0x080009ea   0x080009ea   0x00000002   PAD
    0x080009ec   0x080009ec   0x00000026   Code   RO          390    .text.HAL_NVIC_EnableIRQ  stm32f4xx_hal_cortex.o
    0x08000a12   0x08000a12   0x00000002   PAD
    0x08000a14   0x08000a14   0x00000056   Code   RO          388    .text.HAL_NVIC_SetPriority  stm32f4xx_hal_cortex.o
    0x08000a6a   0x08000a6a   0x00000002   PAD
    0x08000a6c   0x08000a6c   0x00000020   Code   RO          386    .text.HAL_NVIC_SetPriorityGrouping  stm32f4xx_hal_cortex.o
    0x08000a8c   0x08000a8c   0x0000007a   Code   RO          372    .text.HAL_PWREx_EnableOverDrive  stm32f4xx_hal_pwr_ex.o
    0x08000b06   0x08000b06   0x00000002   PAD
    0x08000b08   0x08000b08   0x00000160   Code   RO          127    .text.HAL_RCC_ClockConfig  stm32f4xx_hal_rcc.o
    0x08000c68   0x08000c68   0x0000006a   Code   RO          129    .text.HAL_RCC_GetSysClockFreq  stm32f4xx_hal_rcc.o
    0x08000cd2   0x08000cd2   0x00000002   PAD
    0x08000cd4   0x08000cd4   0x00000374   Code   RO          125    .text.HAL_RCC_OscConfig  stm32f4xx_hal_rcc.o
    0x08001048   0x08001048   0x00000002   Code   RO          606    .text.HAL_SPI_ErrorCallback  stm32f4xx_hal_spi.o
    0x0800104a   0x0800104a   0x00000002   PAD
    0x0800104c   0x0800104c   0x00000006   Code   RO          620    .text.HAL_SPI_GetState  stm32f4xx_hal_spi.o
    0x08001052   0x08001052   0x00000002   PAD
    0x08001054   0x08001054   0x0000012c   Code   RO          602    .text.HAL_SPI_IRQHandler  stm32f4xx_hal_spi.o
    0x08001180   0x08001180   0x000000b4   Code   RO          526    .text.HAL_SPI_Init  stm32f4xx_hal_spi.o
    0x08001234   0x08001234   0x000000b6   Code   RO           71    .text.HAL_SPI_MspInit  spi.o
    0x080012ea   0x080012ea   0x00000002   PAD
    0x080012ec   0x080012ec   0x00000252   Code   RO          534    .text.HAL_SPI_Transmit  stm32f4xx_hal_spi.o
    0x0800153e   0x0800153e   0x00000002   PAD
    0x08001540   0x08001540   0x000000ea   Code   RO          562    .text.HAL_SPI_Transmit_DMA  stm32f4xx_hal_spi.o
    0x0800162a   0x0800162a   0x00000002   PAD
    0x0800162c   0x0800162c   0x0000001c   Code   RO         1237    .text.HAL_SPI_TxCpltCallback  lcd.o
    0x08001648   0x08001648   0x00000002   Code   RO          614    .text.HAL_SPI_TxHalfCpltCallback  stm32f4xx_hal_spi.o
    0x0800164a   0x0800164a   0x00000002   PAD
    0x0800164c   0x0800164c   0x0000002c   Code   RO          398    .text.HAL_SYSTICK_Config  stm32f4xx_hal_cortex.o
    0x08001678   0x08001678   0x00000002   Code   RO           87    .text.HardFault_Handler  stm32f4xx_it.o
    0x0800167a   0x0800167a   0x00000002   PAD
    0x0800167c   0x0800167c   0x000001da   Code   RO         1259    .text.LCD_Address_Set  lcd_init.o
    0x08001856   0x08001856   0x00000002   PAD
    0x08001858   0x08001858   0x00000048   Code   RO         1225    .text.LCD_Fill      lcd.o
    0x080018a0   0x080018a0   0x00000c14   Code   RO         1261    .text.LCD_Init      lcd_init.o
    0x080024b4   0x080024b4   0x00000374   Code   RO         1229    .text.LCD_ShowChar  lcd.o
    0x08002828   0x08002828   0x00000080   Code   RO         1235    .text.LCD_ShowPicture_DMA  lcd.o
    0x080028a8   0x080028a8   0x00000046   Code   RO         1231    .text.LCD_ShowString  lcd.o
    0x080028ee   0x080028ee   0x00000002   PAD
    0x080028f0   0x080028f0   0x00000056   Code   RO         1255    .text.LCD_WR_DATA   lcd_init.o
    0x08002946   0x08002946   0x00000002   PAD
    0x08002948   0x08002948   0x00000038   Code   RO           60    .text.MX_DMA_Init   dma.o
    0x08002980   0x08002980   0x00000024   Code   RO           46    .text.MX_FREERTOS_Init  freertos.o
    0x080029a4   0x080029a4   0x00000136   Code   RO           37    .text.MX_GPIO_Init  gpio.o
    0x08002ada   0x08002ada   0x00000002   PAD
    0x08002adc   0x08002adc   0x00000046   Code   RO           69    .text.MX_SPI1_Init  spi.o
    0x08002b22   0x08002b22   0x00000002   PAD
    0x08002b24   0x08002b24   0x00000002   Code   RO           89    .text.MemManage_Handler  stm32f4xx_it.o
    0x08002b26   0x08002b26   0x00000002   PAD
    0x08002b28   0x08002b28   0x00000002   Code   RO           85    .text.NMI_Handler   stm32f4xx_it.o
    0x08002b2a   0x08002b2a   0x00000006   PAD
    0x08002b30   0x08002b30   0x00000064   Code   RO         1209    .text.PendSV_Handler  port.o
    0x08002b94   0x08002b94   0x0000000c   Code   RO          103    .text.SPI1_IRQHandler  stm32f4xx_it.o
    0x08002ba0   0x08002ba0   0x0000000c   Code   RO          604    .text.SPI_DMAAbortOnError  stm32f4xx_hal_spi.o
    0x08002bac   0x08002bac   0x0000001e   Code   RO          568    .text.SPI_DMAError  stm32f4xx_hal_spi.o
    0x08002bca   0x08002bca   0x00000002   PAD
    0x08002bcc   0x08002bcc   0x00000006   Code   RO          564    .text.SPI_DMAHalfTransmitCplt  stm32f4xx_hal_spi.o
    0x08002bd2   0x08002bd2   0x00000002   PAD
    0x08002bd4   0x08002bd4   0x000000f4   Code   RO          566    .text.SPI_DMATransmitCplt  stm32f4xx_hal_spi.o
    0x08002cc8   0x08002cc8   0x000000e4   Code   RO          630    .text.SPI_WaitFlagStateUntilTimeout  stm32f4xx_hal_spi.o
    0x08002dac   0x08002dac   0x00000004   PAD
    0x08002db0   0x08002db0   0x00000024   Code   RO         1193    .text.SVC_Handler   port.o
    0x08002dd4   0x08002dd4   0x00000008   Code   RO           48    .text.StartDefaultTask  freertos.o
    0x08002ddc   0x08002ddc   0x00000018   Code   RO           97    .text.SysTick_Handler  stm32f4xx_it.o
    0x08002df4   0x08002df4   0x000000c4   Code   RO           15    .text.SystemClock_Config  main.o
    0x08002eb8   0x08002eb8   0x00000012   Code   RO          642    .text.SystemInit    system_stm32f4xx.o
    0x08002eca   0x08002eca   0x00000002   PAD
    0x08002ecc   0x08002ecc   0x00000002   Code   RO           93    .text.UsageFault_Handler  stm32f4xx_it.o
    0x08002ece   0x08002ece   0x00000002   PAD
    0x08002ed0   0x08002ed0   0x00000078   Code   RO           13    .text.main          main.o
    0x08002f48   0x08002f48   0x00000020   Code   RO         1064    .text.osDelay       cmsis_os2.o
    0x08002f68   0x08002f68   0x00000028   Code   RO         1006    .text.osKernelInitialize  cmsis_os2.o
    0x08002f90   0x08002f90   0x0000003c   Code   RO         1012    .text.osKernelStart  cmsis_os2.o
    0x08002fcc   0x08002fcc   0x000000ae   Code   RO         1028    .text.osThreadNew   cmsis_os2.o
    0x0800307a   0x0800307a   0x00000002   PAD
    0x0800307c   0x0800307c   0x0000028a   Code   RO          841    .text.prvAddNewTaskToReadyList  tasks.o
    0x08003306   0x08003306   0x00000002   PAD
    0x08003308   0x08003308   0x00000086   Code   RO          873    .text.prvIdleTask   tasks.o
    0x0800338e   0x0800338e   0x00000002   PAD
    0x08003390   0x08003390   0x00000128   Code   RO          839    .text.prvInitialiseNewTask  tasks.o
    0x080034b8   0x080034b8   0x00000028   Code   RO         1201    .text.prvPortStartFirstTask  port.o
    0x080034e0   0x080034e0   0x0000003e   Code   RO         1191    .text.prvTaskExitError  port.o
    0x0800351e   0x0800351e   0x00000002   PAD
    0x08003520   0x08003520   0x0000038a   Code   RO          958    .text.prvTimerTask  timers.o
    0x080038aa   0x080038aa   0x00000002   PAD
    0x080038ac   0x080038ac   0x00000074   Code   RO          738    .text.prvUnlockQueue  queue.o
    0x08003920   0x08003920   0x0000020a   Code   RO         1167    .text.pvPortMalloc  heap_4.o
    0x08003b2a   0x08003b2a   0x00000002   PAD
    0x08003b2c   0x08003b2c   0x00000028   Code   RO         1189    .text.pxPortInitialiseStack  port.o
    0x08003b54   0x08003b54   0x000000e6   Code   RO           11    .text.taskST7789    main.o
    0x08003c3a   0x08003c3a   0x00000002   PAD
    0x08003c3c   0x08003c3c   0x00000024   Code   RO          702    .text.uxListRemove  list.o
    0x08003c60   0x08003c60   0x0000001a   Code   RO         1150    .text.vApplicationGetIdleTaskMemory  cmsis_os2.o
    0x08003c7a   0x08003c7a   0x00000002   PAD
    0x08003c7c   0x08003c7c   0x0000001c   Code   RO         1152    .text.vApplicationGetTimerTaskMemory  cmsis_os2.o
    0x08003c98   0x08003c98   0x00000016   Code   RO          694    .text.vListInitialise  list.o
    0x08003cae   0x08003cae   0x00000002   PAD
    0x08003cb0   0x08003cb0   0x00000006   Code   RO          696    .text.vListInitialiseItem  list.o
    0x08003cb6   0x08003cb6   0x00000002   PAD
    0x08003cb8   0x08003cb8   0x00000062   Code   RO          700    .text.vListInsert   list.o
    0x08003d1a   0x08003d1a   0x00000002   PAD
    0x08003d1c   0x08003d1c   0x0000001c   Code   RO          698    .text.vListInsertEnd  list.o
    0x08003d38   0x08003d38   0x00000014   Code   RO         1199    .text.vPortEnableVFP  port.o
    0x08003d4c   0x08003d4c   0x00000046   Code   RO         1205    .text.vPortEnterCritical  port.o
    0x08003d92   0x08003d92   0x00000002   PAD
    0x08003d94   0x08003d94   0x0000002e   Code   RO         1207    .text.vPortExitCritical  port.o
    0x08003dc2   0x08003dc2   0x00000002   PAD
    0x08003dc4   0x08003dc4   0x000000d4   Code   RO         1169    .text.vPortFree     heap_4.o
    0x08003e98   0x08003e98   0x00000034   Code   RO         1197    .text.vPortSetupTimerInterrupt  port.o
    0x08003ecc   0x08003ecc   0x000000b0   Code   RO          772    .text.vQueueAddToRegistry  queue.o
    0x08003f7c   0x08003f7c   0x00000052   Code   RO          776    .text.vQueueWaitForMessageRestricted  queue.o
    0x08003fce   0x08003fce   0x00000002   PAD
    0x08003fd0   0x08003fd0   0x00000080   Code   RO          853    .text.vTaskDelay    tasks.o
    0x08004050   0x08004050   0x00000012   Code   RO          903    .text.vTaskInternalSetTimeOutState  tasks.o
    0x08004062   0x08004062   0x00000002   PAD
    0x08004064   0x08004064   0x0000000e   Code   RO          907    .text.vTaskMissedYield  tasks.o
    0x08004072   0x08004072   0x00000002   PAD
    0x08004074   0x08004074   0x00000074   Code   RO          891    .text.vTaskPlaceOnEventList  tasks.o
    0x080040e8   0x080040e8   0x0000007a   Code   RO          895    .text.vTaskPlaceOnEventListRestricted  tasks.o
    0x08004162   0x08004162   0x00000002   PAD
    0x08004164   0x08004164   0x000000f0   Code   RO          871    .text.vTaskStartScheduler  tasks.o
    0x08004254   0x08004254   0x00000010   Code   RO          849    .text.vTaskSuspendAll  tasks.o
    0x08004264   0x08004264   0x000000bc   Code   RO          865    .text.vTaskSwitchContext  tasks.o
    0x08004320   0x08004320   0x00000184   Code   RO         1195    .text.xPortStartScheduler  port.o
    0x080044a4   0x080044a4   0x0000002e   Code   RO         1211    .text.xPortSysTickHandler  port.o
    0x080044d2   0x080044d2   0x00000002   PAD
    0x080044d4   0x080044d4   0x000000de   Code   RO          714    .text.xQueueGenericCreateStatic  queue.o
    0x080045b2   0x080045b2   0x00000002   PAD
    0x080045b4   0x080045b4   0x0000022a   Code   RO          728    .text.xQueueGenericSend  queue.o
    0x080047de   0x080047de   0x00000002   PAD
    0x080047e0   0x080047e0   0x000001a2   Code   RO          744    .text.xQueueReceive  queue.o
    0x08004982   0x08004982   0x00000002   PAD
    0x08004984   0x08004984   0x000000a2   Code   RO          905    .text.xTaskCheckForTimeOut  tasks.o
    0x08004a26   0x08004a26   0x00000002   PAD
    0x08004a28   0x08004a28   0x00000060   Code   RO          843    .text.xTaskCreate   tasks.o
    0x08004a88   0x08004a88   0x00000076   Code   RO          837    .text.xTaskCreateStatic  tasks.o
    0x08004afe   0x08004afe   0x00000002   PAD
    0x08004b00   0x08004b00   0x0000001e   Code   RO          919    .text.xTaskGetSchedulerState  tasks.o
    0x08004b1e   0x08004b1e   0x00000002   PAD
    0x08004b20   0x08004b20   0x0000000c   Code   RO          879    .text.xTaskGetTickCount  tasks.o
    0x08004b2c   0x08004b2c   0x00000104   Code   RO          877    .text.xTaskIncrementTick  tasks.o
    0x08004c30   0x08004c30   0x0000008a   Code   RO          923    .text.xTaskPriorityDisinherit  tasks.o
    0x08004cba   0x08004cba   0x00000002   PAD
    0x08004cbc   0x08004cbc   0x00000072   Code   RO          897    .text.xTaskRemoveFromEventList  tasks.o
    0x08004d2e   0x08004d2e   0x00000002   PAD
    0x08004d30   0x08004d30   0x000000ee   Code   RO          851    .text.xTaskResumeAll  tasks.o
    0x08004e1e   0x08004e1e   0x00000002   PAD
    0x08004e20   0x08004e20   0x000000b4   Code   RO          956    .text.xTimerCreateTimerTask  timers.o
    0x08004ed4   0x08004ed4   0x0000000e   Code   RO         1303    i.__scatterload_copy  mc_w.l(handlers.o)
    0x08004ee2   0x08004ee2   0x00000002   Code   RO         1304    i.__scatterload_null  mc_w.l(handlers.o)
    0x08004ee4   0x08004ee4   0x0000000e   Code   RO         1305    i.__scatterload_zeroinit  mc_w.l(handlers.o)
    0x08004ef2   0x08004ef2   0x00000010   Data   RO          647    .rodata.AHBPrescTable  system_stm32f4xx.o
    0x08004f02   0x08004f02   0x00000474   Data   RO         1239    .rodata.ascii_1206  lcd.o
    0x08005376   0x08005376   0x000005f0   Data   RO         1240    .rodata.ascii_1608  lcd.o
    0x08005966   0x08005966   0x000011d0   Data   RO         1241    .rodata.ascii_2412  lcd.o
    0x08006b36   0x08006b36   0x000017c0   Data   RO         1242    .rodata.ascii_3216  lcd.o
    0x080082f6   0x080082f6   0x00000008   Data   RO          309    .rodata.cst8        stm32f4xx_hal_dma.o
    0x080082fe   0x080082fe   0x00000002   PAD
    0x08008300   0x08008300   0x00000024   Data   RO           51    .rodata.defaultTask_attributes  freertos.o
    0x08008324   0x08008324   0x0001c208   Data   RO           21    .rodata.gImage_airisu01  main.o
    0x0802452c   0x0802452c   0x0001c208   Data   RO           22    .rodata.gImage_airisu02  main.o
    0x08040734   0x08040734   0x0001c208   Data   RO           23    .rodata.gImage_airisu03  main.o
    0x0805c93c   0x0805c93c   0x0001c208   Data   RO           24    .rodata.gImage_airisu04  main.o
    0x08078b44   0x08078b44   0x0001c208   Data   RO           25    .rodata.gImage_airisu05  main.o
    0x08094d4c   0x08094d4c   0x0001c208   Data   RO           26    .rodata.gImage_airisu06  main.o
    0x080b0f54   0x080b0f54   0x0000000c   Data   RO           50    .rodata.str1.1      freertos.o
    0x080b0f60   0x080b0f60   0x00000005   Data   RO          996    .rodata.str1.1      timers.o
    0x080b0f65   0x080b0f65   0x00000003   PAD
    0x080b0f68   0x080b0f68   0x00000020   Data   RO         1302    Region$$Table       anon$$obj.o


    Execution Region RW_IRAM2 (Exec base: 0x10000000, Load base: 0x080b0f98, Size: 0x00000000, Max: 0x00010000, ABSOLUTE)

    **** No section assigned to this execution region ****


    Execution Region RW_IRAM1 (Exec base: 0x20000000, Load base: 0x080b0f88, Size: 0x00004e28, Max: 0x00030000, ABSOLUTE)

    Exec Addr    Load Addr    Size         Type   Attr      Idx    E Section Name        Object

    0x20000000   0x080b0f88   0x00000008   Data   RW          491    .data..L_MergedGlobals  stm32f4xx_hal.o
    0x20000008   0x080b0f90   0x00000004   Data   RW          646    .data.SystemCoreClock  system_stm32f4xx.o
    0x2000000c   0x080b0f94   0x00000004   Data   RW         1215    .data.uxCriticalNesting  port.o
    0x20000010        -       0x00000078   Zero   RW          946    .bss..L_MergedGlobals  tasks.o
    0x20000088        -       0x0000003c   Zero   RW          997    .bss..L_MergedGlobals  timers.o
    0x200000c4        -       0x00000020   Zero   RW         1180    .bss..L_MergedGlobals  heap_4.o
    0x200000e4        -       0x00000008   Zero   RW         1216    .bss..L_MergedGlobals  port.o
    0x200000ec        -       0x00000028   Zero   RW          947    .bss..L_MergedGlobals.1  tasks.o
    0x20000114        -       0x00000004   Zero   RW         1154    .bss.KernelState    cmsis_os2.o
    0x20000118        -       0x00000004   Zero   RW           52    .bss.defaultTaskHandle  freertos.o
    0x2000011c        -       0x00000004   Zero   RW           27    .bss.handleST7789   main.o
    0x20000120        -       0x00000060   Zero   RW           76    .bss.hdma_spi1_tx   spi.o
    0x20000180        -       0x00000058   Zero   RW           75    .bss.hspi1          spi.o
    0x200001d8        -       0x000000a0   Zero   RW          995    .bss.prvCheckForValidListAndQueue.ucStaticTimerQueueStorage  timers.o
    0x20000278        -       0x00000050   Zero   RW          994    .bss.prvCheckForValidListAndQueue.xStaticTimerQueue  timers.o
    0x200002c8        -       0x00000460   Zero   RW          945    .bss.pxReadyTasksLists  tasks.o
    0x20000728        -       0x00003c00   Zero   RW         1179    .bss.ucHeap         heap_4.o
    0x20004328        -       0x00000004   Zero   RW          490    .bss.uwTick         stm32f4xx_hal.o
    0x2000432c        -       0x00000200   Zero   RW         1156    .bss.vApplicationGetIdleTaskMemory.Idle_Stack  cmsis_os2.o
    0x2000452c        -       0x0000005c   Zero   RW         1155    .bss.vApplicationGetIdleTaskMemory.Idle_TCB  cmsis_os2.o
    0x20004588        -       0x00000400   Zero   RW         1158    .bss.vApplicationGetTimerTaskMemory.Timer_Stack  cmsis_os2.o
    0x20004988        -       0x0000005c   Zero   RW         1157    .bss.vApplicationGetTimerTaskMemory.Timer_TCB  cmsis_os2.o
    0x200049e4        -       0x00000040   Zero   RW          778    .bss.xQueueRegistry  queue.o
    0x20004a24   0x080b0f98   0x00000004   PAD
    0x20004a28        -       0x00000400   Zero   RW            1    STACK               startup_stm32f429xx.o


==============================================================================

Image component sizes


      Code (inc. data)   RO Data    RW Data    ZI Data      Debug   Object Name

       360          0          0          0       1724      44596   cmsis_os2.o
        56          0          0          0          0       3690   dma.o
        44          0         48          0          4       2827   freertos.o
       310          0          0          0          0       4342   gpio.o
       734          0          0          0      15392       5624   heap_4.o
      1182          0      13300          0          0       8668   lcd.o
      3652          0          0          0          0       9308   lcd_init.o
       190          0          0          0          0       2348   list.o
       556         12     691248          0          4       4430   main.o
       900         16          0          4          8       4207   port.o
      1568          0          0          0         64      28296   queue.o
       252          0          0          0        184       7231   spi.o
        36          8        428          0       1024        856   startup_stm32f429xx.o
       204          0          0          8          4       7714   stm32f4xx_hal.o
       200          0          0          0          0      10706   stm32f4xx_hal_cortex.o
       996          6          8          0          0      10617   stm32f4xx_hal_dma.o
       456          0          0          0          0       5321   stm32f4xx_hal_gpio.o
        66          0          0          0          0       3757   stm32f4xx_hal_msp.o
       122          0          0          0          0       4602   stm32f4xx_hal_pwr_ex.o
      1342          0          0          0          0       7424   stm32f4xx_hal_rcc.o
      1838          0          0          0          0      26067   stm32f4xx_hal_spi.o
        72          0          0          0          0       4441   stm32f4xx_it.o
        18          0         16          4          0       2711   system_stm32f4xx.o
      3090          8          0          0       1280      43065   tasks.o
      1086         20          5          0        300      16143   timers.o

    ----------------------------------------------------------------------
     19464         70     705090         16      19992     268991   Object Totals
         0          0         32          0          0          0   (incl. Generated)
       134          0          5          0          4          0   (incl. Padding)

    ----------------------------------------------------------------------

      Code (inc. data)   RO Data    RW Data    ZI Data      Debug   Library Member Name

         0          0          0          0          0          0   entry.o
         0          0          0          0          0          0   entry10a.o
         0          0          0          0          0          0   entry11a.o
         8          4          0          0          0          0   entry2.o
         4          0          0          0          0          0   entry5.o
         0          0          0          0          0          0   entry7b.o
         0          0          0          0          0          0   entry8b.o
         8          4          0          0          0          0   entry9a.o
        30          0          0          0          0          0   handlers.o
        36          8          0          0          0         68   init.o
        30          0          0          0          0         68   llshl.o
        32          0          0          0          0         68   llushr.o
        36          0          0          0          0         68   memcpya.o
        36          0          0          0          0        108   memseta.o
        98          0          0          0          0         92   uldiv.o

    ----------------------------------------------------------------------
       318         16          0          0          0        472   Library Totals
         0          0          0          0          0          0   (incl. Padding)

    ----------------------------------------------------------------------

      Code (inc. data)   RO Data    RW Data    ZI Data      Debug   Library Name

       318         16          0          0          0        472   mc_w.l

    ----------------------------------------------------------------------
       318         16          0          0          0        472   Library Totals

    ----------------------------------------------------------------------

==============================================================================


      Code (inc. data)   RO Data    RW Data    ZI Data      Debug   

     19782         86     705090         16      19992     269051   Grand Totals
     19782         86     705090         16      19992     269051   ELF Image Totals
     19782         86     705090         16          0          0   ROM Totals

==============================================================================

    Total RO  Size (Code + RO Data)               724872 ( 707.88kB)
    Total RW  Size (RW Data + ZI Data)             20008 (  19.54kB)
    Total ROM Size (Code + RO Data + RW Data)     724888 ( 707.90kB)

==============================================================================

